Component: ARM Compiler 5.05 update 1 (build 106) Tool: armlink [4d0efa]

==============================================================================

Section Cross References

    main.o(.text) refers to pid.o(.text) for kongzhidong
    main.o(.text) refers to delay.o(.text) for delay_ms
    main.o(.text) refers to misc.o(.text) for NVIC_PriorityGroupConfig
    main.o(.text) refers to usart3.o(.text) for usart3_init
    main.o(.text) refers to rs485.o(.text) for RS485_Init
    main.o(.text) refers to uart4.o(.text) for usart4_init
    main.o(.text) refers to usart.o(.text) for uart_init
    main.o(.text) refers to pwm.o(.text) for LED2_Init
    main.o(.text) refers to stm32f4xx_tim.o(.text) for TIM_SetCompare1
    main.o(.text) refers to main.o(.data) for walkstate
    main.o(.text) refers to usart3.o(.data) for USART3_RX_STA
    main.o(.text) refers to uart4.o(.data) for USART4_RX_STA
    main.o(.text) refers to uart4.o(.bss) for USART4_RX_BUF
    system_stm32f4xx.o(.text) refers to system_stm32f4xx.o(.data) for SystemCoreClock
    pid.o(.text) refers to f2d.o(x$fpl$f2d) for __aeabi_f2d
    pid.o(.text) refers to fabs.o(i.__hardfp_fabs) for __hardfp_fabs
    pid.o(.text) refers to d2f.o(x$fpl$d2f) for __aeabi_d2f
    pid.o(.text) refers to stm32f4xx_tim.o(.text) for TIM_SetCompare2
    pid.o(.text) refers to delay.o(.text) for delay_ms
    pid.o(.text) refers to pid.o(.data) for pastLSpeed
    pid.o(.text) refers to main.o(.data) for xpo
    pid.o(.text) refers to pid.o(.bss) for xzhi
    pid.o(.text) refers to usart.o(.data) for zxpo
    pid.o(.text) refers to dflt_clz.o(x$fpl$dflt) for __aeabi_i2d
    pid.o(.text) refers to drleqf.o(x$fpl$drleqf) for __aeabi_cdrcmple
    pid.o(.text) refers to dleqf.o(x$fpl$dleqf) for __aeabi_cdcmple
    pid.o(.text) refers to route.o(.text) for CheckIntersecNum
    usart3.o(.text) refers to c89vsprintf.o(.text) for __c89vsprintf
    usart3.o(.text) refers to strlen.o(.text) for strlen
    usart3.o(.text) refers to stm32f4xx_usart.o(.text) for USART_GetFlagStatus
    usart3.o(.text) refers to pid.o(.text) for kongzhidong
    usart3.o(.text) refers to stm32f4xx_tim.o(.text) for TIM_SetCompare1
    usart3.o(.text) refers to stm32f4xx_rcc.o(.text) for RCC_AHB1PeriphClockCmd
    usart3.o(.text) refers to stm32f4xx_gpio.o(.text) for GPIO_Init
    usart3.o(.text) refers to misc.o(.text) for NVIC_Init
    usart3.o(.text) refers to timer.o(.text) for TIM7_Int_Init
    usart3.o(.text) refers to usart3.o(.bss) for USART3_TX_BUF
    usart3.o(.text) refers to usart3.o(.data) for USART3_RX_STA
    usart3.o(.text) refers to main.o(.data) for reclen
    timer.o(.text) refers to stm32f4xx_tim.o(.text) for TIM_GetITStatus
    timer.o(.text) refers to stm32f4xx_usart.o(.text) for USART_GetITStatus
    timer.o(.text) refers to stm32f4xx_rcc.o(.text) for RCC_APB1PeriphClockCmd
    timer.o(.text) refers to misc.o(.text) for NVIC_Init
    timer.o(.text) refers to usart3.o(.data) for usartt3
    timer.o(.text) refers to uart4.o(.data) for usartt4
    hc05.o(.text) refers to _printf_percent.o(.ARM.Collect$$_printf_percent$$00000000) for _printf_percent
    hc05.o(.text) refers to _printf_s.o(.ARM.Collect$$_printf_percent$$00000014) for _printf_s
    hc05.o(.text) refers to _printf_str.o(.text) for _printf_str
    hc05.o(.text) refers to stm32f4xx_rcc.o(.text) for RCC_AHB1PeriphClockCmd
    hc05.o(.text) refers to stm32f4xx_gpio.o(.text) for GPIO_Init
    hc05.o(.text) refers to usart3.o(.text) for usart3_init
    hc05.o(.text) refers to delay.o(.text) for delay_ms
    hc05.o(.text) refers to __2printf.o(.text) for __2printf
    hc05.o(.text) refers to usart3.o(.data) for USART3_RX_STA
    hc05.o(.text) refers to usart3.o(.bss) for USART3_RX_BUF
    rs485.o(.text) refers to stm32f4xx_usart.o(.text) for USART_GetITStatus
    rs485.o(.text) refers to stm32f4xx_rcc.o(.text) for RCC_AHB1PeriphClockCmd
    rs485.o(.text) refers to stm32f4xx_gpio.o(.text) for GPIO_PinAFConfig
    rs485.o(.text) refers to misc.o(.text) for NVIC_Init
    rs485.o(.text) refers to delay.o(.text) for delay_ms
    rs485.o(.text) refers to rs485.o(.data) for RS485_RX_CNT
    rs485.o(.text) refers to rs485.o(.bss) for RS485_RX_BUF
    uart4.o(.text) refers to stm32f4xx_usart.o(.text) for USART_GetITStatus
    uart4.o(.text) refers to stm32f4xx_tim.o(.text) for TIM_SetCounter
    uart4.o(.text) refers to __2printf.o(.text) for __2printf
    uart4.o(.text) refers to stm32f4xx_rcc.o(.text) for RCC_AHB1PeriphClockCmd
    uart4.o(.text) refers to stm32f4xx_gpio.o(.text) for GPIO_Init
    uart4.o(.text) refers to misc.o(.text) for NVIC_Init
    uart4.o(.text) refers to c89vsprintf.o(.text) for __c89vsprintf
    uart4.o(.text) refers to strlen.o(.text) for strlen
    uart4.o(.text) refers to uart4.o(.data) for usartt4
    uart4.o(.text) refers to uart4.o(.bss) for USART4_RX_BUF
    uart4.o(.text) refers to usart3.o(.bss) for USART3_RX_BUF
    led.o(.text) refers to stm32f4xx_rcc.o(.text) for RCC_AHB1PeriphClockCmd
[...]
    _printf_llo                              0x0800029b   Thumb Code     0  _printf_llo.o(.ARM.Collect$$_printf_percent$$00000010)
    _printf_llx                              0x080002a1   Thumb Code     0  _printf_llx.o(.ARM.Collect$$_printf_percent$$00000011)
    _printf_l                                0x080002a7   Thumb Code     0  _printf_l.o(.ARM.Collect$$_printf_percent$$00000012)
    _printf_c                                0x080002b1   Thumb Code     0  _printf_c.o(.ARM.Collect$$_printf_percent$$00000013)
    _printf_s                                0x080002b7   Thumb Code     0  _printf_s.o(.ARM.Collect$$_printf_percent$$00000014)
    _printf_lc                               0x080002bd   Thumb Code     0  _printf_lc.o(.ARM.Collect$$_printf_percent$$00000015)
    _printf_ls                               0x080002c3   Thumb Code     0  _printf_ls.o(.ARM.Collect$$_printf_percent$$00000016)
    _printf_percent_end                      0x080002c9   Thumb Code     0  _printf_percent_end.o(.ARM.Collect$$_printf_percent$$00000017)
    __rt_lib_init                            0x080002cd   Thumb Code     0  libinit.o(.ARM.Collect$$libinit$$00000000)
    __rt_lib_init_fp_1                       0x080002cf   Thumb Code     0  libinit2.o(.ARM.Collect$$libinit$$00000001)
    __rt_lib_init_heap_1                     0x080002d3   Thumb Code     0  libinit2.o(.ARM.Collect$$libinit$$0000000A)
    __rt_lib_init_lc_common                  0x080002d3   Thumb Code     0  libinit2.o(.ARM.Collect$$libinit$$0000000F)
    __rt_lib_init_preinit_1                  0x080002d3   Thumb Code     0  libinit2.o(.ARM.Collect$$libinit$$00000004)
    __rt_lib_init_rand_1                     0x080002d3   Thumb Code     0  libinit2.o(.ARM.Collect$$libinit$$0000000E)
    __rt_lib_init_user_alloc_1               0x080002d3   Thumb Code     0  libinit2.o(.ARM.Collect$$libinit$$0000000C)
    __rt_lib_init_lc_collate_1               0x080002d9   Thumb Code     0  libinit2.o(.ARM.Collect$$libinit$$00000011)
    __rt_lib_init_lc_ctype_2                 0x080002d9   Thumb Code     0  libinit2.o(.ARM.Collect$$libinit$$00000012)
    __rt_lib_init_lc_ctype_1                 0x080002e5   Thumb Code     0  libinit2.o(.ARM.Collect$$libinit$$00000013)
    __rt_lib_init_lc_monetary_1              0x080002e5   Thumb Code     0  libinit2.o(.ARM.Collect$$libinit$$00000015)
    __rt_lib_init_lc_numeric_2               0x080002e5   Thumb Code     0  libinit2.o(.ARM.Collect$$libinit$$00000016)
    __rt_lib_init_alloca_1                   0x080002ef   Thumb Code     0  libinit2.o(.ARM.Collect$$libinit$$0000002E)
    __rt_lib_init_argv_1                     0x080002ef   Thumb Code     0  libinit2.o(.ARM.Collect$$libinit$$0000002C)
    __rt_lib_init_atexit_1                   0x080002ef   Thumb Code     0  libinit2.o(.ARM.Collect$$libinit$$0000001B)
    __rt_lib_init_clock_1                    0x080002ef   Thumb Code     0  libinit2.o(.ARM.Collect$$libinit$$00000021)
    __rt_lib_init_cpp_1                      0x080002ef   Thumb Code     0  libinit2.o(.ARM.Collect$$libinit$$00000032)
    __rt_lib_init_exceptions_1               0x080002ef   Thumb Code     0  libinit2.o(.ARM.Collect$$libinit$$00000030)
    __rt_lib_init_fp_trap_1                  0x080002ef   Thumb Code     0  libinit2.o(.ARM.Collect$$libinit$$0000001F)
    __rt_lib_init_getenv_1                   0x080002ef   Thumb Code     0  libinit2.o(.ARM.Collect$$libinit$$00000023)
    __rt_lib_init_lc_numeric_1               0x080002ef   Thumb Code     0  libinit2.o(.ARM.Collect$$libinit$$00000017)
    __rt_lib_init_lc_time_1                  0x080002ef   Thumb Code     0  libinit2.o(.ARM.Collect$$libinit$$00000019)
    __rt_lib_init_return                     0x080002ef   Thumb Code     0  libinit2.o(.ARM.Collect$$libinit$$00000033)
    __rt_lib_init_signal_1                   0x080002ef   Thumb Code     0  libinit2.o(.ARM.Collect$$libinit$$0000001D)
    __rt_lib_init_stdio_1                    0x080002ef   Thumb Code     0  libinit2.o(.ARM.Collect$$libinit$$00000025)
    __rt_lib_shutdown                        0x080002f1   Thumb Code     0  libshutdown.o(.ARM.Collect$$libshutdown$$00000000)
    __rt_lib_shutdown_fp_trap_1              0x080002f3   Thumb Code     0  libshutdown2.o(.ARM.Collect$$libshutdown$$00000006)
    __rt_lib_shutdown_heap_1                 0x080002f3   Thumb Code     0  libshutdown2.o(.ARM.Collect$$libshutdown$$0000000E)
    __rt_lib_shutdown_return                 0x080002f3   Thumb Code     0  libshutdown2.o(.ARM.Collect$$libshutdown$$0000000F)
    __rt_lib_shutdown_signal_1               0x080002f3   Thumb Code     0  libshutdown2.o(.ARM.Collect$$libshutdown$$00000009)
    __rt_lib_shutdown_stdio_1                0x080002f3   Thumb Code     0  libshutdown2.o(.ARM.Collect$$libshutdown$$00000003)
    __rt_lib_shutdown_user_alloc_1           0x080002f3   Thumb Code     0  libshutdown2.o(.ARM.Collect$$libshutdown$$0000000B)
    __rt_entry                               0x080002f5   Thumb Code     0  __rtentry.o(.ARM.Collect$$rtentry$$00000000)
    __rt_entry_presh_1                       0x080002f5   Thumb Code     0  __rtentry2.o(.ARM.Collect$$rtentry$$00000002)
    __rt_entry_sh                            0x080002f5   Thumb Code     0  __rtentry4.o(.ARM.Collect$$rtentry$$00000004)
    __rt_entry_li                            0x080002fb   Thumb Code     0  __rtentry2.o(.ARM.Collect$$rtentry$$0000000A)
    __rt_entry_postsh_1                      0x080002fb   Thumb Code     0  __rtentry2.o(.ARM.Collect$$rtentry$$00000009)
    __rt_entry_main                          0x080002ff   Thumb Code     0  __rtentry2.o(.ARM.Collect$$rtentry$$0000000D)
    __rt_entry_postli_1                      0x080002ff   Thumb Code     0  __rtentry2.o(.ARM.Collect$$rtentry$$0000000C)
    __rt_exit                                0x08000307   Thumb Code     0  rtexit.o(.ARM.Collect$$rtexit$$00000000)
    __rt_exit_ls                             0x08000309   Thumb Code     0  rtexit2.o(.ARM.Collect$$rtexit$$00000003)
    __rt_exit_prels_1                        0x08000309   Thumb Code     0  rtexit2.o(.ARM.Collect$$rtexit$$00000002)
    __rt_exit_exit                           0x0800030d   Thumb Code     0  rtexit2.o(.ARM.Collect$$rtexit$$00000004)
    InitVar                                  0x08000315   Thumb Code    26  main.o(.text)
    pointTopoint                             0x0800032f   Thumb Code    84  main.o(.text)
    system_init                              0x08000383   Thumb Code   100  main.o(.text)
    main                                     0x080003e7   Thumb Code    42  main.o(.text)
    lanyafashuju                             0x08000411   Thumb Code    30  main.o(.text)
    shengyinkongzhi                          0x0800042f   Thumb Code   150  main.o(.text)
    NMI_Handler                              0x08000529   Thumb Code     2  stm32f4xx_it.o(.text)
    HardFault_Handler                        0x0800052b   Thumb Code     4  stm32f4xx_it.o(.text)
    MemManage_Handler                        0x0800052f   Thumb Code     4  stm32f4xx_it.o(.text)
    BusFault_Handler                         0x08000533   Thumb Code     4  stm32f4xx_it.o(.text)
    UsageFault_Handler                       0x08000537   Thumb Code     4  stm32f4xx_it.o(.text)
    SVC_Handler                              0x0800053b   Thumb Code     2  stm32f4xx_it.o(.text)
    DebugMon_Handler                         0x0800053d   Thumb Code     2  stm32f4xx_it.o(.text)
    PendSV_Handler                           0x0800053f   Thumb Code     2  stm32f4xx_it.o(.text)
    SysTick_Handler                          0x08000541   Thumb Code     2  stm32f4xx_it.o(.text)
    SystemInit                               0x08000621   Thumb Code    88  system_stm32f4xx.o(.text)
    SystemCoreClockUpdate                    0x08000679   Thumb Code   174  system_stm32f4xx.o(.text)
    updateSpeed                              0x08000755   Thumb Code    30  pid.o(.text)
    kongzhidong                              0x08000773   Thumb Code   236  pid.o(.text)
    slowdown                                 0x0800085f   Thumb Code   106  pid.o(.text)
    walk                                     0x080008c9   Thumb Code   298  pid.o(.text)
    GoToTerminus                             0x080009f3   Thumb Code   640  pid.o(.text)
    ifdetect2way                             0x08000c73   Thumb Code   166  pid.o(.text)
    detect_way                               0x08000d19   Thumb Code   594  pid.o(.text)
    closetopoint                             0x08000f6b   Thumb Code   248  pid.o(.text)
    ontheroad                                0x08001063   Thumb Code   122  pid.o(.text)
    chooseroad                               0x080010dd   Thumb Code   126  pid.o(.text)
    u3_printf                                0x0800117d   Thumb Code    72  usart3.o(.text)
    lanyakongzhi                             0x080011c5   Thumb Code   220  usart3.o(.text)
    USART3_IRQHandler                        0x080012a1   Thumb Code   114  usart3.o(.text)
    usart3_init                              0x08001313   Thumb Code   196  usart3.o(.text)
    test                                     0x08001421   Thumb Code     2  timer.o(.text)
    TIM7_IRQHandler                          0x08001423   Thumb Code   110  timer.o(.text)
    TIM7_Int_Init                            0x08001491   Thumb Code    86  timer.o(.text)
    TIM5_Int_Init                            0x080014e7   Thumb Code    58  timer.o(.text)
    Ctr_Tim5                                 0x08001521   Thumb Code    26  timer.o(.text)
    Init_Nvic                                0x0800153b   Thumb Code    42  timer.o(.text)
    USART2_IRQHandler                        0x08001581   Thumb Code    50  rs485.o(.text)
    RS485_Init                               0x080015b3   Thumb Code   172  rs485.o(.text)
    RS485_Send_Data                          0x0800165f   Thumb Code    62  rs485.o(.text)
    RS485_Receive_Data                       0x0800169d   Thumb Code    68  rs485.o(.text)
    HMISendstart                             0x080016e1   Thumb Code    52  rs485.o(.text)
    Send_0xff                                0x08001715   Thumb Code    46  rs485.o(.text)
    UART2_Send_Str                           0x08001743   Thumb Code    42  rs485.o(.text)
    HMIcmd                                   0x0800176d   Thumb Code    72  rs485.o(.text)
    USART2_Send_Byte                         0x080017b5   Thumb Code    28  rs485.o(.text)
    UART4_IRQHandler                         0x08001815   Thumb Code   212  uart4.o(.text)
    usart4_init                              0x080018e9   Thumb Code   176  uart4.o(.text)
    u4_printf                                0x08001999   Thumb Code    72  uart4.o(.text)
    TIM13_PWM_Init                           0x08001af9   Thumb Code   152  pwm.o(.text)
    TIM4_PWM_Init                            0x08001b91   Thumb Code   150  pwm.o(.text)
    LED2_Init                                0x08001c27   Thumb Code   108  pwm.o(.text)
    CheckIntersecNum                         0x08001ca5   Thumb Code    38  route.o(.text)
    CheckDirection                           0x08001ccb   Thumb Code    60  route.o(.text)
    checkconnect                             0x08001d07   Thumb Code    68  route.o(.text)
    routenuminit                             0x08001d4b   Thumb Code    52  route.o(.text)
    _sys_exit6                               0x08001d95   Thumb Code     6  usart6.o(.text)
    fputc6                                   0x08001d9b   Thumb Code    24  usart6.o(.text)
    usart6_init                              0x08001db3   Thumb Code   162  usart6.o(.text)
    TIM5_IRQHandler                          0x08001e55   Thumb Code    16  usart6.o(.text)
    chaoshengboqidong                        0x08001e65   Thumb Code   154  usart6.o(.text)
    USART6_IRQHandler                        0x08001eff   Thumb Code    74  usart6.o(.text)
    CameraDateAnalyze                        0x08001f65   Thumb Code  1356  usart.o(.text)
    _sys_exit                                0x080024b1   Thumb Code     6  usart.o(.text)
    fputc                                    0x080024b7   Thumb Code    22  usart.o(.text)
    uart_init                                0x080024cd   Thumb Code   164  usart.o(.text)
    USART1_IRQHandler                        0x08002571   Thumb Code   126  usart.o(.text)
    delay_init                               0x08002621   Thumb Code    52  delay.o(.text)
    delay_us                                 0x08002655   Thumb Code    72  delay.o(.text)
    delay_xms                                0x0800269d   Thumb Code    72  delay.o(.text)
    delay_ms                                 0x080026e5   Thumb Code    56  delay.o(.text)
    Reset_Handler                            0x08002725   Thumb Code     8  startup_stm32f40_41xxx.o(.text)
    ADC_IRQHandler                           0x0800273f   Thumb Code     0  startup_stm32f40_41xxx.o(.text)
    CAN1_RX0_IRQHandler                      0x0800273f   Thumb Code     0  startup_stm32f40_41xxx.o(.text)
    CAN1_RX1_IRQHandler                      0x0800273f   Thumb Code     0  startup_stm32f40_41xxx.o(.text)
    CAN1_SCE_IRQHandler                      0x0800273f   Thumb Code     0  startup_stm32f40_41xxx.o(.text)
    CAN1_TX_IRQHandler                       0x0800273f   Thumb Code     0  startup_stm32f40_41xxx.o(.text)
    CAN2_RX0_IRQHandler                      0x0800273f   Thumb Code     0  startup_stm32f40_41xxx.o(.text)
    CAN2_RX1_IRQHandler                      0x0800273f   Thumb Code     0  startup_stm32f40_41xxx.o(.text)
    CAN2_SCE_IRQHandler                      0x0800273f   Thumb Code     0  startup_stm32f40_41xxx.o(.text)
    CAN2_TX_IRQHandler                       0x0800273f   Thumb Code     0  startup_stm32f40_41xxx.o(.text)
    CRYP_IRQHandler                          0x0800273f   Thumb Code     0  startup_stm32f40_41xxx.o(.text)
    DCMI_IRQHandler                          0x0800273f   Thumb Code     0  startup_stm32f40_41xxx.o(.text)
    DMA1_Stream0_IRQHandler                  0x0800273f   Thumb Code     0  startup_stm32f40_41xxx.o(.text)
    DMA1_Stream1_IRQHandler                  0x0800273f   Thumb Code     0  startup_stm32f40_41xxx.o(.text)
    DMA1_Stream2_IRQHandler                  0x0800273f   Thumb Code     0  startup_stm32f40_41xxx.o(.text)
    DMA1_Stream3_IRQHandler                  0x0800273f   Thumb Code     0  startup_stm32f40_41xxx.o(.text)
    DMA1_Stream4_IRQHandler                  0x0800273f   Thumb Code     0  startup_stm32f40_41xxx.o(.text)
    DMA1_Stream5_IRQHandler                  0x0800273f   Thumb Code     0  startup_stm32f40_41xxx.o(.text)
    DMA1_Stream6_IRQHandler                  0x0800273f   Thumb Code     0  startup_stm32f40_41xxx.o(.text)
    DMA1_Stream7_IRQHandler                  0x0800273f   Thumb Code     0  startup_stm32f40_41xxx.o(.text)
    DMA2_Stream0_IRQHandler                  0x0800273f   Thumb Code     0  startup_stm32f40_41xxx.o(.text)
    DMA2_Stream1_IRQHandler                  0x0800273f   Thumb Code     0  startup_stm32f40_41xxx.o(.text)
    DMA2_Stream2_IRQHandler                  0x0800273f   Thumb Code     0  startup_stm32f40_41xxx.o(.text)
    DMA2_Stream3_IRQHandler                  0x0800273f   Thumb Code     0  startup_stm32f40_41xxx.o(.text)
    DMA2_Stream4_IRQHandler                  0x0800273f   Thumb Code     0  startup_stm32f40_41xxx.o(.text)
    DMA2_Stream5_IRQHandler                  0x0800273f   Thumb Code     0  startup_stm32f40_41xxx.o(.text)
    DMA2_Stream6_IRQHandler                  0x0800273f   Thumb Code     0  startup_stm32f40_41xxx.o(.text)
    DMA2_Stream7_IRQHandler                  0x0800273f   Thumb Code     0  startup_stm32f40_41xxx.o(.text)
    ETH_IRQHandler                           0x0800273f   Thumb Code     0  startup_stm32f40_41xxx.o(.text)
    ETH_WKUP_IRQHandler                      0x0800273f   Thumb Code     0  startup_stm32f40_41xxx.o(.text)
    EXTI0_IRQHandler                         0x0800273f   Thumb Code     0  startup_stm32f40_41xxx.o(.text)
    EXTI15_10_IRQHandler                     0x0800273f   Thumb Code     0  startup_stm32f40_41xxx.o(.text)
    EXTI1_IRQHandler                         0x0800273f   Thumb Code     0  startup_stm32f40_41xxx.o(.text)
    EXTI2_IRQHandler                         0x0800273f   Thumb Code     0  startup_stm32f40_41xxx.o(.text)
    EXTI3_IRQHandler                         0x0800273f   Thumb Code     0  startup_stm32f40_41xxx.o(.text)
    EXTI4_IRQHandler                         0x0800273f   Thumb Code     0  startup_stm32f40_41xxx.o(.text)
    EXTI9_5_IRQHandler                       0x0800273f   Thumb Code     0  startup_stm32f40_41xxx.o(.text)
    FLASH_IRQHandler                         0x0800273f   Thumb Code     0  startup_stm32f40_41xxx.o(.text)
    FPU_IRQHandler                           0x0800273f   Thumb Code     0  startup_stm32f40_41xxx.o(.text)
    FSMC_IRQHandler                          0x0800273f   Thumb Code     0  startup_stm32f40_41xxx.o(.text)
    HASH_RNG_IRQHandler                      0x0800273f   Thumb Code     0  startup_stm32f40_41xxx.o(.text)
    I2C1_ER_IRQHandler                       0x0800273f   Thumb Code     0  startup_stm32f40_41xxx.o(.text)
    I2C1_EV_IRQHandler                       0x0800273f   Thumb Code     0  startup_stm32f40_41xxx.o(.text)
    I2C2_ER_IRQHandler                       0x0800273f   Thumb Code     0  startup_stm32f40_41xxx.o(.text)
    I2C2_EV_IRQHandler                       0x0800273f   Thumb Code     0  startup_stm32f40_41xxx.o(.text)
    I2C3_ER_IRQHandler                       0x0800273f   Thumb Code     0  startup_stm32f40_41xxx.o(.text)
    I2C3_EV_IRQHandler                       0x0800273f   Thumb Code     0  startup_stm32f40_41xxx.o(.text)
    OTG_FS_IRQHandler                        0x0800273f   Thumb Code     0  startup_stm32f40_41xxx.o(.text)
    OTG_FS_WKUP_IRQHandler                   0x0800273f   Thumb Code     0  startup_stm32f40_41xxx.o(.text)
    OTG_HS_EP1_IN_IRQHandler                 0x0800273f   Thumb Code     0  startup_stm32f40_41xxx.o(.text)
    OTG_HS_EP1_OUT_IRQHandler                0x0800273f   Thumb Code     0  startup_stm32f40_41xxx.o(.text)
    OTG_HS_IRQHandler                        0x0800273f   Thumb Code     0  startup_stm32f40_41xxx.o(.text)
    OTG_HS_WKUP_IRQHandler                   0x0800273f   Thumb Code     0  startup_stm32f40_41xxx.o(.text)
    PVD_IRQHandler                           0x0800273f   Thumb Code     0  startup_stm32f40_41xxx.o(.text)
    RCC_IRQHandler                           0x0800273f   Thumb Code     0  startup_stm32f40_41xxx.o(.text)
    RTC_Alarm_IRQHandler                     0x0800273f   Thumb Code     0  startup_stm32f40_41xxx.o(.text)
    RTC_WKUP_IRQHandler                      0x0800273f   Thumb Code     0  startup_stm32f40_41xxx.o(.text)
    SDIO_IRQHandler                          0x0800273f   Thumb Code     0  startup_stm32f40_41xxx.o(.text)
    SPI1_IRQHandler                          0x0800273f   Thumb Code     0  startup_stm32f40_41xxx.o(.text)
    SPI2_IRQHandler                          0x0800273f   Thumb Code     0  startup_stm32f40_41xxx.o(.text)
    SPI3_IRQHandler                          0x0800273f   Thumb Code     0  startup_stm32f40_41xxx.o(.text)
    TAMP_STAMP_IRQHandler                    0x0800273f   Thumb Code     0  startup_stm32f40_41xxx.o(.text)
    TIM1_BRK_TIM9_IRQHandler                 0x0800273f   Thumb Code     0  startup_stm32f40_41xxx.o(.text)
    TIM1_CC_IRQHandler                       0x0800273f   Thumb Code     0  startup_stm32f40_41xxx.o(.text)
    TIM1_TRG_COM_TIM11_IRQHandler            0x0800273f   Thumb Code     0  startup_stm32f40_41xxx.o(.text)
    TIM1_UP_TIM10_IRQHandler                 0x0800273f   Thumb Code     0  startup_stm32f40_41xxx.o(.text)
    TIM2_IRQHandler                          0x0800273f   Thumb Code     0  startup_stm32f40_41xxx.o(.text)
    TIM3_IRQHandler                          0x0800273f   Thumb Code     0  startup_stm32f40_41xxx.o(.text)
    TIM4_IRQHandler                          0x0800273f   Thumb Code     0  startup_stm32f40_41xxx.o(.text)
    TIM6_DAC_IRQHandler                      0x0800273f   Thumb Code     0  startup_stm32f40_41xxx.o(.text)
    TIM8_BRK_TIM12_IRQHandler                0x0800273f   Thumb Code     0  startup_stm32f40_41xxx.o(.text)
    TIM8_CC_IRQHandler                       0x0800273f   Thumb Code     0  startup_stm32f40_41xxx.o(.text)
    TIM8_TRG_COM_TIM14_IRQHandler            0x0800273f   Thumb Code     0  startup_stm32f40_41xxx.o(.text)
    TIM8_UP_TIM13_IRQHandler                 0x0800273f   Thumb Code     0  startup_stm32f40_41xxx.o(.text)
    UART5_IRQHandler                         0x0800273f   Thumb Code     0  startup_stm32f40_41xxx.o(.text)
    WWDG_IRQHandler                          0x0800273f   Thumb Code     0  startup_stm32f40_41xxx.o(.text)
    __user_initial_stackheap                 0x08002741   Thumb Code     0  startup_stm32f40_41xxx.o(.text)
    NVIC_PriorityGroupConfig                 0x08002765   Thumb Code    10  misc.o(.text)
    NVIC_Init                                0x0800276f   Thumb Code   106  misc.o(.text)
    NVIC_SetVectorTable                      0x080027d9   Thumb Code    14  misc.o(.text)
    NVIC_SystemLPConfig                      0x080027e7   Thumb Code    34  misc.o(.text)
    SysTick_CLKSourceConfig                  0x08002809   Thumb Code    40  misc.o(.text)
    GPIO_DeInit                              0x08002845   Thumb Code   268  stm32f4xx_gpio.o(.text)
    GPIO_Init                                0x08002951   Thumb Code   144  stm32f4xx_gpio.o(.text)
    GPIO_StructInit                          0x080029e1   Thumb Code    18  stm32f4xx_gpio.o(.text)
    GPIO_PinLockConfig                       0x080029f3   Thumb Code    34  stm32f4xx_gpio.o(.text)
    GPIO_ReadInputDataBit                    0x08002a15   Thumb Code    18  stm32f4xx_gpio.o(.text)
    GPIO_ReadInputData                       0x08002a27   Thumb Code     8  stm32f4xx_gpio.o(.text)
    GPIO_ReadOutputDataBit                   0x08002a2f   Thumb Code    18  stm32f4xx_gpio.o(.text)
    GPIO_ReadOutputData                      0x08002a41   Thumb Code     8  stm32f4xx_gpio.o(.text)
    GPIO_SetBits                             0x08002a49   Thumb Code     4  stm32f4xx_gpio.o(.text)
    GPIO_ResetBits                           0x08002a4d   Thumb Code     4  stm32f4xx_gpio.o(.text)
    GPIO_WriteBit                            0x08002a51   Thumb Code    10  stm32f4xx_gpio.o(.text)
    GPIO_Write                               0x08002a5b   Thumb Code     4  stm32f4xx_gpio.o(.text)
    GPIO_ToggleBits                          0x08002a5f   Thumb Code     8  stm32f4xx_gpio.o(.text)
    GPIO_PinAFConfig                         0x08002a67   Thumb Code    70  stm32f4xx_gpio.o(.text)
    USART_DeInit                             0x08002ad9   Thumb Code   206  stm32f4xx_usart.o(.text)
    USART_Init                               0x08002ba7   Thumb Code   204  stm32f4xx_usart.o(.text)
    USART_StructInit                         0x08002c73   Thumb Code    24  stm32f4xx_usart.o(.text)
    USART_ClockInit                          0x08002c8b   Thumb Code    32  stm32f4xx_usart.o(.text)
    USART_ClockStructInit                    0x08002cab   Thumb Code    12  stm32f4xx_usart.o(.text)
    USART_Cmd                                0x08002cb7   Thumb Code    24  stm32f4xx_usart.o(.text)
    USART_SetPrescaler                       0x08002ccf   Thumb Code    16  stm32f4xx_usart.o(.text)
    USART_OverSampling8Cmd                   0x08002cdf   Thumb Code    22  stm32f4xx_usart.o(.text)
    USART_OneBitMethodCmd                    0x08002cf5   Thumb Code    24  stm32f4xx_usart.o(.text)
    USART_SendData                           0x08002d0d   Thumb Code     8  stm32f4xx_usart.o(.text)
    USART_ReceiveData                        0x08002d15   Thumb Code    10  stm32f4xx_usart.o(.text)
    USART_SetAddress                         0x08002d1f   Thumb Code    18  stm32f4xx_usart.o(.text)
    USART_ReceiverWakeUpCmd                  0x08002d31   Thumb Code    24  stm32f4xx_usart.o(.text)
    USART_WakeUpConfig                       0x08002d49   Thumb Code    18  stm32f4xx_usart.o(.text)
    USART_LINBreakDetectLengthConfig         0x08002d5b   Thumb Code    18  stm32f4xx_usart.o(.text)
    USART_LINCmd                             0x08002d6d   Thumb Code    24  stm32f4xx_usart.o(.text)
    USART_SendBreak                          0x08002d85   Thumb Code    10  stm32f4xx_usart.o(.text)
    USART_HalfDuplexCmd                      0x08002d8f   Thumb Code    24  stm32f4xx_usart.o(.text)
    USART_SetGuardTime                       0x08002da7   Thumb Code    16  stm32f4xx_usart.o(.text)
    USART_SmartCardCmd                       0x08002db7   Thumb Code    24  stm32f4xx_usart.o(.text)
    USART_SmartCardNACKCmd                   0x08002dcf   Thumb Code    24  stm32f4xx_usart.o(.text)
    USART_IrDAConfig                         0x08002de7   Thumb Code    18  stm32f4xx_usart.o(.text)
    USART_IrDACmd                            0x08002df9   Thumb Code    24  stm32f4xx_usart.o(.text)
    USART_DMACmd                             0x08002e11   Thumb Code    18  stm32f4xx_usart.o(.text)
    USART_ITConfig                           0x08002e23   Thumb Code    74  stm32f4xx_usart.o(.text)
    USART_GetFlagStatus                      0x08002e6d   Thumb Code    26  stm32f4xx_usart.o(.text)
    USART_ClearFlag                          0x08002e87   Thumb Code    18  stm32f4xx_usart.o(.text)
    USART_GetITStatus                        0x08002e99   Thumb Code   118  stm32f4xx_usart.o(.text)
    USART_ClearITPendingBit                  0x08002f0f   Thumb Code    30  stm32f4xx_usart.o(.text)
    TIM_DeInit                               0x08002f2d   Thumb Code   346  stm32f4xx_tim.o(.text)
    TIM_TimeBaseInit                         0x08003087   Thumb Code   104  stm32f4xx_tim.o(.text)
    TIM_TimeBaseStructInit                   0x080030ef   Thumb Code    18  stm32f4xx_tim.o(.text)
    TIM_PrescalerConfig                      0x08003101   Thumb Code     6  stm32f4xx_tim.o(.text)
    TIM_CounterModeConfig                    0x08003107   Thumb Code    18  stm32f4xx_tim.o(.text)
    TIM_SetCounter                           0x08003119   Thumb Code     4  stm32f4xx_tim.o(.text)
    TIM_SetAutoreload                        0x0800311d   Thumb Code     4  stm32f4xx_tim.o(.text)
    TIM_GetCounter                           0x08003121   Thumb Code     6  stm32f4xx_tim.o(.text)
    TIM_GetPrescaler                         0x08003127   Thumb Code     6  stm32f4xx_tim.o(.text)
    TIM_UpdateDisableConfig                  0x0800312d   Thumb Code    24  stm32f4xx_tim.o(.text)
    TIM_UpdateRequestConfig                  0x08003145   Thumb Code    24  stm32f4xx_tim.o(.text)
    TIM_ARRPreloadConfig                     0x0800315d   Thumb Code    24  stm32f4xx_tim.o(.text)
    TIM_SelectOnePulseMode                   0x08003175   Thumb Code    18  stm32f4xx_tim.o(.text)
    TIM_SetClockDivision                     0x08003187   Thumb Code    18  stm32f4xx_tim.o(.text)
    TIM_Cmd                                  0x08003199   Thumb Code    24  stm32f4xx_tim.o(.text)
    TIM_OC1Init                              0x080031b1   Thumb Code   114  stm32f4xx_tim.o(.text)
    TIM_OC2Init                              0x08003223   Thumb Code   154  stm32f4xx_tim.o(.text)
    TIM_OC3Init                              0x080032bd   Thumb Code   204  stm32f4xx_tim.o(.text)
    TIM_OC4Init                              0x08003389   Thumb Code   112  stm32f4xx_tim.o(.text)
    TIM_OCStructInit                         0x080033f9   Thumb Code    20  stm32f4xx_tim.o(.text)
    TIM_SelectOCxM                           0x0800340d   Thumb Code    86  stm32f4xx_tim.o(.text)
    TIM_SetCompare1                          0x08003463   Thumb Code     4  stm32f4xx_tim.o(.text)
    TIM_SetCompare2                          0x08003467   Thumb Code     4  stm32f4xx_tim.o(.text)
    TIM_SetCompare3                          0x0800346b   Thumb Code     4  stm32f4xx_tim.o(.text)
    TIM_SetCompare4                          0x0800346f   Thumb Code     4  stm32f4xx_tim.o(.text)
    TIM_ForcedOC1Config                      0x08003473   Thumb Code    18  stm32f4xx_tim.o(.text)
    TIM_ForcedOC2Config                      0x08003485   Thumb Code    26  stm32f4xx_tim.o(.text)
    TIM_ForcedOC3Config                      0x0800349f   Thumb Code    18  stm32f4xx_tim.o(.text)
    TIM_ForcedOC4Config                      0x080034b1   Thumb Code    26  stm32f4xx_tim.o(.text)
    TIM_OC1PreloadConfig                     0x080034cb   Thumb Code    18  stm32f4xx_tim.o(.text)
    TIM_OC2PreloadConfig                     0x080034dd   Thumb Code    26  stm32f4xx_tim.o(.text)
    TIM_OC3PreloadConfig                     0x080034f7   Thumb Code    18  stm32f4xx_tim.o(.text)
    TIM_OC4PreloadConfig                     0x08003509   Thumb Code    26  stm32f4xx_tim.o(.text)
    TIM_OC1FastConfig                        0x08003523   Thumb Code    18  stm32f4xx_tim.o(.text)
    TIM_OC2FastConfig                        0x08003535   Thumb Code    26  stm32f4xx_tim.o(.text)
    TIM_OC3FastConfig                        0x0800354f   Thumb Code    18  stm32f4xx_tim.o(.text)
    TIM_OC4FastConfig                        0x08003561   Thumb Code    26  stm32f4xx_tim.o(.text)
    TIM_ClearOC1Ref                          0x0800357b   Thumb Code    18  stm32f4xx_tim.o(.text)
    TIM_ClearOC2Ref                          0x0800358d   Thumb Code    24  stm32f4xx_tim.o(.text)
    TIM_ClearOC3Ref                          0x080035a5   Thumb Code    18  stm32f4xx_tim.o(.text)
    TIM_ClearOC4Ref                          0x080035b7   Thumb Code    24  stm32f4xx_tim.o(.text)
    TIM_OC1PolarityConfig                    0x080035cf   Thumb Code    18  stm32f4xx_tim.o(.text)
    TIM_OC1NPolarityConfig                   0x080035e1   Thumb Code    18  stm32f4xx_tim.o(.text)
    TIM_OC2PolarityConfig                    0x080035f3   Thumb Code    26  stm32f4xx_tim.o(.text)
    TIM_OC2NPolarityConfig                   0x0800360d   Thumb Code    26  stm32f4xx_tim.o(.text)
    TIM_OC3PolarityConfig                    0x08003627   Thumb Code    26  stm32f4xx_tim.o(.text)
    TIM_OC3NPolarityConfig                   0x08003641   Thumb Code    26  stm32f4xx_tim.o(.text)
    TIM_OC4PolarityConfig                    0x0800365b   Thumb Code    26  stm32f4xx_tim.o(.text)
    TIM_CCxCmd                               0x08003675   Thumb Code    30  stm32f4xx_tim.o(.text)
    TIM_CCxNCmd                              0x08003693   Thumb Code    30  stm32f4xx_tim.o(.text)
    TIM_SetIC4Prescaler                      0x080036b1   Thumb Code    26  stm32f4xx_tim.o(.text)
    TIM_SetIC3Prescaler                      0x0800371b   Thumb Code    18  stm32f4xx_tim.o(.text)
    TIM_SetIC2Prescaler                      0x08003775   Thumb Code    26  stm32f4xx_tim.o(.text)
    TIM_SetIC1Prescaler                      0x080037e9   Thumb Code    18  stm32f4xx_tim.o(.text)
    TIM_ICInit                               0x08003835   Thumb Code   110  stm32f4xx_tim.o(.text)
    TIM_ICStructInit                         0x080038a3   Thumb Code    18  stm32f4xx_tim.o(.text)
    TIM_PWMIConfig                           0x080038b5   Thumb Code   124  stm32f4xx_tim.o(.text)
    TIM_GetCapture1                          0x08003931   Thumb Code     6  stm32f4xx_tim.o(.text)
    TIM_GetCapture2                          0x08003937   Thumb Code     6  stm32f4xx_tim.o(.text)
    TIM_GetCapture3                          0x0800393d   Thumb Code     6  stm32f4xx_tim.o(.text)
    TIM_GetCapture4                          0x08003943   Thumb Code     6  stm32f4xx_tim.o(.text)
    TIM_BDTRConfig                           0x08003949   Thumb Code    32  stm32f4xx_tim.o(.text)
    TIM_BDTRStructInit                       0x08003969   Thumb Code    18  stm32f4xx_tim.o(.text)
    TIM_CtrlPWMOutputs                       0x0800397b   Thumb Code    30  stm32f4xx_tim.o(.text)
    TIM_SelectCOM                            0x08003999   Thumb Code    24  stm32f4xx_tim.o(.text)
    TIM_CCPreloadControl                     0x080039b1   Thumb Code    24  stm32f4xx_tim.o(.text)
    TIM_ITConfig                             0x080039c9   Thumb Code    18  stm32f4xx_tim.o(.text)
    TIM_GenerateEvent                        0x080039db   Thumb Code     4  stm32f4xx_tim.o(.text)
    TIM_GetFlagStatus                        0x080039df   Thumb Code    18  stm32f4xx_tim.o(.text)
    TIM_ClearFlag                            0x080039f1   Thumb Code     6  stm32f4xx_tim.o(.text)
    TIM_GetITStatus                          0x080039f7   Thumb Code    34  stm32f4xx_tim.o(.text)
    TIM_ClearITPendingBit                    0x08003a19   Thumb Code     6  stm32f4xx_tim.o(.text)
    TIM_DMAConfig                            0x08003a1f   Thumb Code    10  stm32f4xx_tim.o(.text)
    TIM_DMACmd                               0x08003a29   Thumb Code    18  stm32f4xx_tim.o(.text)
    TIM_SelectCCDMA                          0x08003a3b   Thumb Code    24  stm32f4xx_tim.o(.text)
    TIM_InternalClockConfig                  0x08003a53   Thumb Code    12  stm32f4xx_tim.o(.text)
    TIM_SelectInputTrigger                   0x08003a5f   Thumb Code    18  stm32f4xx_tim.o(.text)
    TIM_ITRxExternalClockConfig              0x08003a71   Thumb Code    24  stm32f4xx_tim.o(.text)
    TIM_TIxExternalClockConfig               0x08003a89   Thumb Code    62  stm32f4xx_tim.o(.text)
    TIM_ETRConfig                            0x08003ac7   Thumb Code    28  stm32f4xx_tim.o(.text)
    TIM_ETRClockMode1Config                  0x08003ae3   Thumb Code    54  stm32f4xx_tim.o(.text)
    TIM_ETRClockMode2Config                  0x08003b19   Thumb Code    32  stm32f4xx_tim.o(.text)
    TIM_SelectOutputTrigger                  0x08003b39   Thumb Code    18  stm32f4xx_tim.o(.text)
    TIM_SelectSlaveMode                      0x08003b4b   Thumb Code    18  stm32f4xx_tim.o(.text)
    TIM_SelectMasterSlaveMode                0x08003b5d   Thumb Code    18  stm32f4xx_tim.o(.text)
    TIM_EncoderInterfaceConfig               0x08003b6f   Thumb Code    66  stm32f4xx_tim.o(.text)
    TIM_SelectHallSensor                     0x08003bb1   Thumb Code    24  stm32f4xx_tim.o(.text)
    TIM_RemapConfig                          0x08003bc9   Thumb Code     6  stm32f4xx_tim.o(.text)
    RCC_DeInit                               0x08003bd1   Thumb Code    82  stm32f4xx_rcc.o(.text)
    RCC_HSEConfig                            0x08003c23   Thumb Code    14  stm32f4xx_rcc.o(.text)
    RCC_GetFlagStatus                        0x08003c31   Thumb Code    60  stm32f4xx_rcc.o(.text)
    RCC_WaitForHSEStartUp                    0x08003c6d   Thumb Code    56  stm32f4xx_rcc.o(.text)
    RCC_AdjustHSICalibrationValue            0x08003ca5   Thumb Code    20  stm32f4xx_rcc.o(.text)
    RCC_HSICmd                               0x08003cb9   Thumb Code     6  stm32f4xx_rcc.o(.text)
    RCC_LSEConfig                            0x08003cbf   Thumb Code    46  stm32f4xx_rcc.o(.text)
    RCC_LSICmd                               0x08003ced   Thumb Code     6  stm32f4xx_rcc.o(.text)
    RCC_PLLConfig                            0x08003cf3   Thumb Code    32  stm32f4xx_rcc.o(.text)
    RCC_PLLCmd                               0x08003d13   Thumb Code     6  stm32f4xx_rcc.o(.text)
    RCC_PLLI2SConfig                         0x08003d19   Thumb Code    14  stm32f4xx_rcc.o(.text)
    RCC_PLLI2SCmd                            0x08003d27   Thumb Code     6  stm32f4xx_rcc.o(.text)
    RCC_PLLSAIConfig                         0x08003d2d   Thumb Code    20  stm32f4xx_rcc.o(.text)
    RCC_PLLSAICmd                            0x08003d41   Thumb Code     6  stm32f4xx_rcc.o(.text)
    RCC_ClockSecuritySystemCmd               0x08003d47   Thumb Code     6  stm32f4xx_rcc.o(.text)
    RCC_MCO1Config                           0x08003d4d   Thumb Code    28  stm32f4xx_rcc.o(.text)
    RCC_MCO2Config                           0x08003d69   Thumb Code    28  stm32f4xx_rcc.o(.text)
    RCC_SYSCLKConfig                         0x08003d85   Thumb Code    20  stm32f4xx_rcc.o(.text)
    RCC_GetSYSCLKSource                      0x08003d99   Thumb Code    12  stm32f4xx_rcc.o(.text)
    RCC_HCLKConfig                           0x08003da5   Thumb Code    20  stm32f4xx_rcc.o(.text)
    RCC_PCLK1Config                          0x08003db9   Thumb Code    20  stm32f4xx_rcc.o(.text)
    RCC_PCLK2Config                          0x08003dcd   Thumb Code    22  stm32f4xx_rcc.o(.text)
    RCC_GetClocksFreq                        0x08003de3   Thumb Code   222  stm32f4xx_rcc.o(.text)
    RCC_RTCCLKConfig                         0x08003ec1   Thumb Code    54  stm32f4xx_rcc.o(.text)
    RCC_RTCCLKCmd                            0x08003ef7   Thumb Code     8  stm32f4xx_rcc.o(.text)
    RCC_BackupResetCmd                       0x08003eff   Thumb Code     8  stm32f4xx_rcc.o(.text)
    RCC_I2SCLKConfig                         0x08003f07   Thumb Code     6  stm32f4xx_rcc.o(.text)
    RCC_SAIPLLI2SClkDivConfig                0x08003f0d   Thumb Code    26  stm32f4xx_rcc.o(.text)
    RCC_SAIPLLSAIClkDivConfig                0x08003f27   Thumb Code    28  stm32f4xx_rcc.o(.text)
    RCC_SAIBlockACLKConfig                   0x08003f43   Thumb Code    20  stm32f4xx_rcc.o(.text)
    RCC_SAIBlockBCLKConfig                   0x08003f57   Thumb Code    20  stm32f4xx_rcc.o(.text)
    RCC_LTDCCLKDivConfig                     0x08003f6b   Thumb Code    20  stm32f4xx_rcc.o(.text)
    RCC_TIMCLKPresConfig                     0x08003f7f   Thumb Code     6  stm32f4xx_rcc.o(.text)
    RCC_AHB1PeriphClockCmd                   0x08003f85   Thumb Code    34  stm32f4xx_rcc.o(.text)
    RCC_AHB2PeriphClockCmd                   0x08003fa7   Thumb Code    78  stm32f4xx_rcc.o(.text)
    RCC_AHB3PeriphClockCmd                   0x08003ff5   Thumb Code    34  stm32f4xx_rcc.o(.text)
    RCC_APB1PeriphClockCmd                   0x08004017   Thumb Code    34  stm32f4xx_rcc.o(.text)
    RCC_APB2PeriphClockCmd                   0x08004039   Thumb Code    34  stm32f4xx_rcc.o(.text)
    RCC_AHB1PeriphResetCmd                   0x0800405b   Thumb Code    34  stm32f4xx_rcc.o(.text)
    RCC_AHB2PeriphResetCmd                   0x0800407d   Thumb Code    34  stm32f4xx_rcc.o(.text)
    RCC_AHB3PeriphResetCmd                   0x0800409f   Thumb Code    34  stm32f4xx_rcc.o(.text)
    RCC_APB1PeriphResetCmd                   0x080040c1   Thumb Code    34  stm32f4xx_rcc.o(.text)
    RCC_APB2PeriphResetCmd                   0x080040e3   Thumb Code    34  stm32f4xx_rcc.o(.text)
    RCC_AHB1PeriphClockLPModeCmd             0x08004105   Thumb Code    34  stm32f4xx_rcc.o(.text)
    RCC_AHB2PeriphClockLPModeCmd             0x08004127   Thumb Code    34  stm32f4xx_rcc.o(.text)
    RCC_AHB3PeriphClockLPModeCmd             0x08004149   Thumb Code    34  stm32f4xx_rcc.o(.text)
    RCC_APB1PeriphClockLPModeCmd             0x0800416b   Thumb Code    34  stm32f4xx_rcc.o(.text)
    RCC_APB2PeriphClockLPModeCmd             0x0800418d   Thumb Code    34  stm32f4xx_rcc.o(.text)
    RCC_LSEModeConfig                        0x080041af   Thumb Code    40  stm32f4xx_rcc.o(.text)
    RCC_ITConfig                             0x080041d7   Thumb Code    34  stm32f4xx_rcc.o(.text)
    RCC_ClearFlag                            0x080041f9   Thumb Code    18  stm32f4xx_rcc.o(.text)
    RCC_GetITStatus                          0x0800420b   Thumb Code    22  stm32f4xx_rcc.o(.text)
    RCC_ClearITPendingBit                    0x08004221   Thumb Code     8  stm32f4xx_rcc.o(.text)
    __use_no_semihosting                     0x0800422d   Thumb Code     2  use_no_semi_2.o(.text)
    __c89vsprintf                            0x08004231   Thumb Code    32  c89vsprintf.o(.text)
    __2printf                                0x08004255   Thumb Code    20  __2printf.o(.text)
    _printf_str                              0x0800426d   Thumb Code    82  _printf_str.o(.text)
    __printf                                 0x080042c1   Thumb Code   388  __printf_flags_ss_wp.o(.text)
    strlen                                   0x08004449   Thumb Code    62  strlen.o(.text)
    __use_two_region_memory                  0x08004487   Thumb Code     2  heapauxi.o(.text)
    __rt_heap_escrow$2region                 0x08004489   Thumb Code     2  heapauxi.o(.text)
    __rt_heap_expand$2region                 0x0800448b   Thumb Code     2  heapauxi.o(.text)
    __I$use$semihosting                      0x0800448d   Thumb Code     0  use_no_semi.o(.text)
    __use_no_semihosting_swi                 0x0800448d   Thumb Code     2  use_no_semi.o(.text)
    __read_errno                             0x0800448f   Thumb Code    10  _rserrno.o(.text)
    __set_errno                              0x08004499   Thumb Code    12  _rserrno.o(.text)
    _printf_pre_padding                      0x080044a5   Thumb Code    44  _printf_pad.o(.text)
    _printf_post_padding                     0x080044d1   Thumb Code    34  _printf_pad.o(.text)
    _printf_truncate_signed                  0x080044f3   Thumb Code    18  _printf_truncate.o(.text)
    _printf_truncate_unsigned                0x08004505   Thumb Code    18  _printf_truncate.o(.text)
    _printf_int_dec                          0x08004519   Thumb Code   104  _printf_dec.o(.text)
    _printf_charcount                        0x08004591   Thumb Code    40  _printf_charcount.o(.text)
    _printf_char_common                      0x080045c3   Thumb Code    32  _printf_char_common.o(.text)
    _sputc                                   0x080045e9   Thumb Code    10  _sputc.o(.text)
    _printf_cs_common                        0x080045f3   Thumb Code    20  _printf_char.o(.text)
    _printf_char                             0x08004607   Thumb Code    16  _printf_char.o(.text)
    _printf_string                           0x08004617   Thumb Code     8  _printf_char.o(.text)
    _printf_char_file                        0x08004621   Thumb Code    32  _printf_char_file.o(.text)
    _printf_wctomb                           0x08004645   Thumb Code   182  _printf_wctomb.o(.text)
    _printf_longlong_dec                     0x08004701   Thumb Code   108  _printf_longlong_dec.o(.text)
    _printf_longlong_oct                     0x0800477d   Thumb Code    68  _printf_oct_int_ll.o(.text)
    _printf_int_oct                          0x080047c1   Thumb Code    24  _printf_oct_int_ll.o(.text)
    _printf_ll_oct                           0x080047d9   Thumb Code    12  _printf_oct_int_ll.o(.text)
    _printf_longlong_hex                     0x080047ed   Thumb Code    86  _printf_hex_int_ll_ptr.o(.text)
    _printf_int_hex                          0x08004843   Thumb Code    28  _printf_hex_int_ll_ptr.o(.text)
    _printf_ll_hex                           0x0800485f   Thumb Code    12  _printf_hex_int_ll_ptr.o(.text)
    _printf_hex_ptr                          0x0800486b   Thumb Code    18  _printf_hex_int_ll_ptr.o(.text)
    __aeabi_errno_addr                       0x08004881   Thumb Code     8  rt_errno_addr_intlibspace.o(.text)
    __errno$intlibspace                      0x08004881   Thumb Code     0  rt_errno_addr_intlibspace.o(.text)
    __rt_errno_addr$intlibspace              0x08004881   Thumb Code     0  rt_errno_addr_intlibspace.o(.text)
    _ll_udiv10                               0x08004889   Thumb Code   138  lludiv10.o(.text)
    _printf_int_common                       0x08004913   Thumb Code   178  _printf_intcommon.o(.text)
    __lib_sel_fp_printf                      0x080049c5   Thumb Code     2  _printf_fp_dec.o(.text)
    _printf_fp_dec_real                      0x08004b73   Thumb Code   620  _printf_fp_dec.o(.text)
    _printf_lcs_common                       0x08004ddf   Thumb Code    20  _printf_wchar.o(.text)
    _printf_wchar                            0x08004df3   Thumb Code    16  _printf_wchar.o(.text)
    _printf_wstring                          0x08004e03   Thumb Code     8  _printf_wchar.o(.text)
    ferror                                   0x08004e0b   Thumb Code     8  ferror.o(.text)
    _wcrtomb                                 0x08004e13   Thumb Code    64  _wcrtomb.o(.text)
    __user_libspace                          0x08004e55   Thumb Code     8  libspace.o(.text)
    __user_perproc_libspace                  0x08004e55   Thumb Code     0  libspace.o(.text)
    __user_perthread_libspace                0x08004e55   Thumb Code     0  libspace.o(.text)
    __user_setup_stackheap                   0x08004e5d   Thumb Code    74  sys_stackheap_outer.o(.text)
    __rt_ctype_table                         0x08004ea9   Thumb Code    16  rt_ctype_table.o(.text)
    __rt_locale                              0x08004eb9   Thumb Code     8  rt_locale_intlibspace.o(.text)
    _printf_fp_infnan                        0x08004ec1   Thumb Code   112  _printf_fp_infnan.o(.text)
    _btod_etento                             0x08004f41   Thumb Code   216  bigflt0.o(.text)
    exit                                     0x0800501d   Thumb Code    12  exit.o(.text)
    strcmp                                   0x08005029   Thumb Code   128  strcmpv7m.o(.text)
    _btod_d2e                                0x080050a9   Thumb Code    62  btod.o(CL$$btod_d2e)
    _d2e_denorm_low                          0x080050e7   Thumb Code    70  btod.o(CL$$btod_d2e_denorm_low)
    _d2e_norm_op1                            0x0800512d   Thumb Code    96  btod.o(CL$$btod_d2e_norm_op1)
    __btod_div_common                        0x0800518d   Thumb Code   696  btod.o(CL$$btod_div_common)
    _e2e                                     0x080054c5   Thumb Code   198  btod.o(CL$$btod_e2e)
    _btod_ediv                               0x0800558b   Thumb Code    40  btod.o(CL$$btod_ediv)
    _btod_emul                               0x080055b3   Thumb Code    40  btod.o(CL$$btod_emul)
    __btod_mult_common                       0x080055db   Thumb Code   580  btod.o(CL$$btod_mult_common)
    __ARM_fpclassify                         0x0800581f   Thumb Code    48  fpclassify.o(i.__ARM_fpclassify)
    __hardfp_fabs                            0x0800584f   Thumb Code    20  fabs.o(i.__hardfp_fabs)
    __hardfp_pow                             0x08005869   Thumb Code  3044  pow.o(i.__hardfp_pow)
    __kernel_poly                            0x080064a1   Thumb Code   248  poly.o(i.__kernel_poly)
    __mathlib_dbl_divzero                    0x08006599   Thumb Code    28  dunder.o(i.__mathlib_dbl_divzero)
    __mathlib_dbl_infnan2                    0x080065c9   Thumb Code    20  dunder.o(i.__mathlib_dbl_infnan2)
    __mathlib_dbl_invalid                    0x080065e1   Thumb Code    24  dunder.o(i.__mathlib_dbl_invalid)
    __mathlib_dbl_overflow                   0x08006601   Thumb Code    24  dunder.o(i.__mathlib_dbl_overflow)
    __mathlib_dbl_underflow                  0x08006621   Thumb Code    24  dunder.o(i.__mathlib_dbl_underflow)
    _is_digit                                0x08006641   Thumb Code    14  __printf_wp.o(i._is_digit)
    fabs                                     0x0800664f   Thumb Code    24  fabs.o(i.fabs)
    sqrt                                     0x08006667   Thumb Code   110  sqrt.o(i.sqrt)
    _get_lc_numeric                          0x080066d5   Thumb Code    44  lc_numeric_c.o(locale$$code)
    _get_lc_ctype                            0x08006701   Thumb Code    44  lc_ctype_c.o(locale$$code)
    __aeabi_dneg                             0x0800672d   Thumb Code     0  basic.o(x$fpl$basic)
    _dneg                                    0x0800672d   Thumb Code     6  basic.o(x$fpl$basic)
    __aeabi_fneg                             0x08006733   Thumb Code     0  basic.o(x$fpl$basic)
    _fneg                                    0x08006733   Thumb Code     6  basic.o(x$fpl$basic)
    _dabs                                    0x08006739   Thumb Code     6  basic.o(x$fpl$basic)
    _fabs                                    0x0800673f   Thumb Code     6  basic.o(x$fpl$basic)
    __aeabi_d2f                              0x08006745   Thumb Code     0  d2f.o(x$fpl$d2f)
    _d2f                                     0x08006745   Thumb Code    98  d2f.o(x$fpl$d2f)
    __aeabi_dadd                             0x080067a9   Thumb Code     0  daddsub_clz.o(x$fpl$dadd)
    _dadd                                    0x080067a9   Thumb Code   332  daddsub_clz.o(x$fpl$dadd)
    __fpl_dcheck_NaN1                        0x080068f9   Thumb Code    10  dcheck1.o(x$fpl$dcheck1)
    __fpl_dcmp_Inf                           0x08006909   Thumb Code    24  dcmpi.o(x$fpl$dcmpinf)
    __aeabi_ddiv                             0x08006921   Thumb Code     0  ddiv.o(x$fpl$ddiv)
    _ddiv                                    0x08006921   Thumb Code   552  ddiv.o(x$fpl$ddiv)
    __aeabi_d2iz                             0x08006bd1   Thumb Code     0  dfix.o(x$fpl$dfix)
    _dfix                                    0x08006bd1   Thumb Code    94  dfix.o(x$fpl$dfix)
    __aeabi_i2d                              0x08006c2f   Thumb Code     0  dflt_clz.o(x$fpl$dflt)
    _dflt                                    0x08006c2f   Thumb Code    46  dflt_clz.o(x$fpl$dflt)
    __aeabi_cdcmple                          0x08006c5d   Thumb Code     0  dleqf.o(x$fpl$dleqf)
    _dcmple                                  0x08006c5d   Thumb Code   120  dleqf.o(x$fpl$dleqf)
    __fpl_dcmple_InfNaN                      0x08006cbf   Thumb Code     0  dleqf.o(x$fpl$dleqf)
    __aeabi_dmul                             0x08006cd5   Thumb Code     0  dmul.o(x$fpl$dmul)
    _dmul                                    0x08006cd5   Thumb Code   332  dmul.o(x$fpl$dmul)
    __fpl_dnaninf                            0x08006e29   Thumb Code   156  dnaninf.o(x$fpl$dnaninf)
    __fpl_dretinf                            0x08006ec5   Thumb Code    12  dretinf.o(x$fpl$dretinf)
    __aeabi_cdrcmple                         0x08006ed1   Thumb Code     0  drleqf.o(x$fpl$drleqf)
    _drcmple                                 0x08006ed1   Thumb Code   108  drleqf.o(x$fpl$drleqf)
    __aeabi_drsub                            0x08006f3d   Thumb Code     0  daddsub_clz.o(x$fpl$drsb)
    _drsb                                    0x08006f3d   Thumb Code    22  daddsub_clz.o(x$fpl$drsb)
    _dsqrt                                   0x08006f55   Thumb Code   404  dsqrt_umaal.o(x$fpl$dsqrt)
    __aeabi_dsub                             0x080070ed   Thumb Code     0  daddsub_clz.o(x$fpl$dsub)
    _dsub                                    0x080070ed   Thumb Code   464  daddsub_clz.o(x$fpl$dsub)
    __aeabi_f2d                              0x080072c1   Thumb Code     0  f2d.o(x$fpl$f2d)
    _f2d                                     0x080072c1   Thumb Code    86  f2d.o(x$fpl$f2d)
    __fpl_fnaninf                            0x08007317   Thumb Code   140  fnaninf.o(x$fpl$fnaninf)
    _fp_init                                 0x080073a3   Thumb Code    10  fpinit.o(x$fpl$fpinit)
    __fplib_config_fpu_vfp                   0x080073ab   Thumb Code     0  fpinit.o(x$fpl$fpinit)
    __fplib_config_pureend_doubles           0x080073ab   Thumb Code     0  fpinit.o(x$fpl$fpinit)
    __fpl_fretinf                            0x080073ad   Thumb Code    10  fretinf.o(x$fpl$fretinf)
    _printf_fp_dec                           0x080073b7   Thumb Code     4  printf1.o(x$fpl$printf1)
    __fpl_return_NaN                         0x080073bb   Thumb Code   100  retnan.o(x$fpl$retnan)
    __ARM_scalbn                             0x0800741f   Thumb Code    92  scalbn.o(x$fpl$scalbn)
    __fpl_cmpreturn                          0x0800747b   Thumb Code    48  trapv.o(x$fpl$trapveneer)
    __I$use$fp                               0x080074aa   Number         0  usenofp.o(x$fpl$usenofp)
    __mathlib_zero                           0x08007578   Data           8  qnan.o(.constdata)
    Region$$Table$$Base                      0x08007614   Number         0  anon$$obj.o(Region$$Table)
    Region$$Table$$Limit                     0x08007634   Number         0  anon$$obj.o(Region$$Table)
    __ctype                                  0x0800765d   Data           0  lc_ctype_c.o(locale$$data)
    rs485qianjinbuf                          0x20000000   Data           8  main.o(.data)
    rs485zuozhuanbuf                         0x20000008   Data           8  main.o(.data)
    rs485youzhuanbuf                         0x20000010   Data           8  main.o(.data)
    rs485houtuibuf                           0x20000018   Data           8  main.o(.data)
    rs485tingzhibuf                          0x20000020   Data           8  main.o(.data)
    rs485buzoubuf                            0x20000028   Data           8  main.o(.data)
    bitt                                     0x20000030   Data           1  main.o(.data)
    reclen                                   0x20000031   Data           1  main.o(.data)
    reclen4                                  0x20000032   Data           1  main.o(.data)
    fflag                                    0x20000033   Data           1  main.o(.data)
    xuhao                                    0x20000034   Data           1  main.o(.data)
    cishu                                    0x20000035   Data           1  main.o(.data)
    xpo                                      0x20000038   Data           4  main.o(.data)
    ypo                                      0x2000003c   Data           4  main.o(.data)
    zpo                                      0x20000040   Data           4  main.o(.data)
    zhongjian                                0x20000044   Data           1  main.o(.data)
    xxian                                    0x20000046   Data           2  main.o(.data)
    yxian                                    0x20000048   Data           2  main.o(.data)
    walkstate                                0x2000004c   Data           4  main.o(.data)
    terminusstate                            0x20000050   Data           4  main.o(.data)
    seeterminus                              0x20000054   Data           4  main.o(.data)
    selectbegin                              0x20000058   Data           4  main.o(.data)
    selectover                               0x2000005c   Data           4  main.o(.data)
    numb                                     0x20000060   Data           4  main.o(.data)
    numc                                     0x20000064   Data           4  main.o(.data)
    SystemCoreClock                          0x20000068   Data           4  system_stm32f4xx.o(.data)
    AHBPrescTable                            0x2000006c   Data          16  system_stm32f4xx.o(.data)
    pastLSpeed                               0x2000007c   Data           4  pid.o(.data)
    pastRSpeed                               0x20000080   Data           4  pid.o(.data)
    cutLSpeed                                0x20000084   Data           4  pid.o(.data)
    cutRSpeed                                0x20000088   Data           4  pid.o(.data)
    pz                                       0x2000008c   Data           4  pid.o(.data)
    iz                                       0x20000090   Data           4  pid.o(.data)
    dz                                       0x20000094   Data           4  pid.o(.data)
    pidzuo                                   0x20000098   Data           4  pid.o(.data)
    zuosudu                                  0x2000009c   Data           4  pid.o(.data)
    yousudu                                  0x200000a0   Data           4  pid.o(.data)
    xaim                                     0x200000a4   Data           4  pid.o(.data)
    basespeed                                0x200000a8   Data           4  pid.o(.data)
    maxspeed                                 0x200000ac   Data           4  pid.o(.data)
    minspeed                                 0x200000b0   Data           4  pid.o(.data)
    zxaim                                    0x200000b4   Data           4  pid.o(.data)
    zyaim                                    0x200000b8   Data           4  pid.o(.data)
    zpz                                      0x200000bc   Data           4  pid.o(.data)
    ziz                                      0x200000c0   Data           4  pid.o(.data)
    zdz                                      0x200000c4   Data           4  pid.o(.data)
    zpy                                      0x200000c8   Data           4  pid.o(.data)
    ziy                                      0x200000cc   Data           4  pid.o(.data)
    zdy                                      0x200000d0   Data           4  pid.o(.data)
    slope                                    0x200000d4   Data           4  pid.o(.data)
    slopeP                                   0x200000d8   Data           4  pid.o(.data)
    pidtong                                  0x200000dc   Data           4  pid.o(.data)
    flag                                     0x200000e0   Data           4  pid.o(.data)
    pyz                                      0x200000e4   Data           4  pid.o(.data)
    yaim                                     0x200000e8   Data           4  pid.o(.data)
    zaim                                     0x200000ec   Data           4  pid.o(.data)
    detect_num                               0x200000f0   Data           4  pid.o(.data)
    waydirection                             0x200000f4   Data           4  pid.o(.data)
    ture_num                                 0x200000f8   Data           4  pid.o(.data)
    USART3_RX_STA                            0x20000104   Data           2  usart3.o(.data)
    usartt3                                  0x20000106   Data           1  usart3.o(.data)
    RS485_RX_CNT                             0x20000107   Data           1  rs485.o(.data)
    USART4_RX_STA                            0x20000108   Data           2  uart4.o(.data)
    usartt4                                  0x2000010a   Data           1  uart4.o(.data)
    nowpoint                                 0x2000010c   Data           4  route.o(.data)
    dian                                     0x20000110   Data         100  route.o(.data)
    intersection_num                         0x20000174   Data          56  route.o(.data)
    direction                                0x200001ac   Data          72  route.o(.data)
    zhi                                      0x200001f4   Data          24  route.o(.data)
    __stdout6                                0x2000020c   Data           4  usart6.o(.data)
    USART6_RX_STA                            0x20000210   Data           2  usart6.o(.data)
    time_flag                                0x20000212   Data           1  usart6.o(.data)
    distance                                 0x20000214   Data           2  usart6.o(.data)
    j                                        0x20000216   Data           1  usart6.o(.data)
    zxpo                                     0x20000218   Data           4  usart.o(.data)
    zypo                                     0x2000021c   Data           4  usart.o(.data)
    fuhao                                    0x20000220   Data           1  usart.o(.data)
    dataslove                                0x20000224   Data           4  usart.o(.data)
    __stdout                                 0x20000228   Data           4  usart.o(.data)
    USART_RX_STA                             0x2000022c   Data           2  usart.o(.data)
    xzhi                                     0x20000244   Data          12  pid.o(.bss)
    zxzhi                                    0x20000250   Data          12  pid.o(.bss)
    zyzhi                                    0x2000025c   Data          12  pid.o(.bss)
    USART3_TX_BUF                            0x20000268   Data         400  usart3.o(.bss)
    USART3_RX_BUF                            0x200003f8   Data         400  usart3.o(.bss)
    RS485_RX_BUF                             0x20000588   Data          64  rs485.o(.bss)
    USART4_TX_BUF                            0x200005c8   Data         400  uart4.o(.bss)
    USART4_RX_BUF                            0x20000758   Data         400  uart4.o(.bss)
    diannum                                  0x200008e8   Data          20  route.o(.bss)
    USART6_RX_BUF                            0x200008fc   Data         400  usart6.o(.bss)
    USART_RX_BUF                             0x20000a8c   Data         200  usart.o(.bss)
    __libspace_start                         0x20000b54   Data          96  libspace.o(.bss)
    __temporary_stack_top$libspace           0x20000bb4   Data           0  libspace.o(.bss)



==============================================================================

Memory Map of the image

  Image Entry point : 0x08000189

  Load Region LR_IROM1 (Base: 0x08000000, Size: 0x000079a4, Max: 0x00100000, ABSOLUTE, COMPRESSED[0x00007828])

    Execution Region ER_IROM1 (Base: 0x08000000, Size: 0x00007760, Max: 0x00100000, ABSOLUTE)

    Base Addr    Size         Type   Attr      Idx    E Section Name        Object

    0x08000000   0x00000188   Data   RO          578    RESET               startup_stm32f40_41xxx.o
    0x08000188   0x00000008   Code   RO          768  * !!!main             c_w.l(__main.o)
    0x08000190   0x00000034   Code   RO         1167    !!!scatter          c_w.l(__scatter.o)
    0x080001c4   0x0000005a   Code   RO         1165    !!dczerorl2         c_w.l(__dczerorl2.o)
    0x0800021e   0x00000002   PAD
    0x08000220   0x0000001c   Code   RO         1169    !!handler_zi        c_w.l(__scatter_zi.o)
    0x0800023c   0x00000000   Code   RO          763    .ARM.Collect$$_printf_percent$$00000000  c_w.l(_printf_percent.o)
    0x0800023c   0x00000006   Code   RO          870    .ARM.Collect$$_printf_percent$$00000001  c_w.l(_printf_n.o)
    0x08000242   0x00000006   Code   RO          872    .ARM.Collect$$_printf_percent$$00000002  c_w.l(_printf_p.o)
    0x08000248   0x00000006   Code   RO          877    .ARM.Collect$$_printf_percent$$00000003  c_w.l(_printf_f.o)
    0x0800024e   0x00000006   Code   RO          878    .ARM.Collect$$_printf_percent$$00000004  c_w.l(_printf_e.o)
    0x08000254   0x00000006   Code   RO          879    .ARM.Collect$$_printf_percent$$00000005  c_w.l(_printf_g.o)
    0x0800025a   0x00000006   Code   RO          880    .ARM.Collect$$_printf_percent$$00000006  c_w.l(_printf_a.o)
    0x08000260   0x0000000a   Code   RO          885    .ARM.Collect$$_printf_percent$$00000007  c_w.l(_printf_ll.o)
    0x0800026a   0x00000006   Code   RO          874    .ARM.Collect$$_printf_percent$$00000008  c_w.l(_printf_i.o)
    0x08000270   0x00000006   Code   RO          875    .ARM.Collect$$_printf_percent$$00000009  c_w.l(_printf_d.o)
    0x08000276   0x00000006   Code   RO          876    .ARM.Collect$$_printf_percent$$0000000A  c_w.l(_printf_u.o)
    0x0800027c   0x00000006   Code   RO          873    .ARM.Collect$$_printf_percent$$0000000B  c_w.l(_printf_o.o)
    0x08000282   0x00000006   Code   RO          871    .ARM.Collect$$_printf_percent$$0000000C  c_w.l(_printf_x.o)
    0x08000288   0x00000006   Code   RO          882    .ARM.Collect$$_printf_percent$$0000000D  c_w.l(_printf_lli.o)
    0x0800028e   0x00000006   Code   RO          883    .ARM.Collect$$_printf_percent$$0000000E  c_w.l(_printf_lld.o)
    0x08000294   0x00000006   Code   RO          884    .ARM.Collect$$_printf_percent$$0000000F  c_w.l(_printf_llu.o)
    0x0800029a   0x00000006   Code   RO          889    .ARM.Collect$$_printf_percent$$00000010  c_w.l(_printf_llo.o)
    0x080002a0   0x00000006   Code   RO          890    .ARM.Collect$$_printf_percent$$00000011  c_w.l(_printf_llx.o)
    0x080002a6   0x0000000a   Code   RO          886    .ARM.Collect$$_printf_percent$$00000012  c_w.l(_printf_l.o)
    0x080002b0   0x00000006   Code   RO          869    .ARM.Collect$$_printf_percent$$00000013  c_w.l(_printf_c.o)
    0x080002b6   0x00000006   Code   RO          762    .ARM.Collect$$_printf_percent$$00000014  c_w.l(_printf_s.o)
    0x080002bc   0x00000006   Code   RO          887    .ARM.Collect$$_printf_percent$$00000015  c_w.l(_printf_lc.o)
    0x080002c2   0x00000006   Code   RO          888    .ARM.Collect$$_printf_percent$$00000016  c_w.l(_printf_ls.o)
    0x080002c8   0x00000004   Code   RO          881    .ARM.Collect$$_printf_percent$$00000017  c_w.l(_printf_percent_end.o)
    0x080002cc   0x00000002   Code   RO         1032    .ARM.Collect$$libinit$$00000000  c_w.l(libinit.o)
    0x080002ce   0x00000004   Code   RO         1044    .ARM.Collect$$libinit$$00000001  c_w.l(libinit2.o)
    0x080002d2   0x00000000   Code   RO         1047    .ARM.Collect$$libinit$$00000004  c_w.l(libinit2.o)
    0x080002d2   0x00000000   Code   RO         1050    .ARM.Collect$$libinit$$0000000A  c_w.l(libinit2.o)
    0x080002d2   0x00000000   Code   RO         1052    .ARM.Collect$$libinit$$0000000C  c_w.l(libinit2.o)
    0x080002d2   0x00000000   Code   RO         1054    .ARM.Collect$$libinit$$0000000E  c_w.l(libinit2.o)
    0x080002d2   0x00000006   Code   RO         1055    .ARM.Collect$$libinit$$0000000F  c_w.l(libinit2.o)
    0x080002d8   0x00000000   Code   RO         1057    .ARM.Collect$$libinit$$00000011  c_w.l(libinit2.o)
    0x080002d8   0x0000000c   Code   RO         1058    .ARM.Collect$$libinit$$00000012  c_w.l(libinit2.o)
    0x080002e4   0x00000000   Code   RO         1059    .ARM.Collect$$libinit$$00000013  c_w.l(libinit2.o)
    0x080002e4   0x00000000   Code   RO         1061    .ARM.Collect$$libinit$$00000015  c_w.l(libinit2.o)
    0x080002e4   0x0000000a   Code   RO         1062    .ARM.Collect$$libinit$$00000016  c_w.l(libinit2.o)
    0x080002ee   0x00000000   Code   RO         1063    .ARM.Collect$$libinit$$00000017  c_w.l(libinit2.o)
    0x080002ee   0x00000000   Code   RO         1065    .ARM.Collect$$libinit$$00000019  c_w.l(libinit2.o)
    0x080002ee   0x00000000   Code   RO         1067    .ARM.Collect$$libinit$$0000001B  c_w.l(libinit2.o)
    0x080002ee   0x00000000   Code   RO         1069    .ARM.Collect$$libinit$$0000001D  c_w.l(libinit2.o)
    0x080002ee   0x00000000   Code   RO         1071    .ARM.Collect$$libinit$$0000001F  c_w.l(libinit2.o)
    0x080002ee   0x00000000   Code   RO         1073    .ARM.Collect$$libinit$$00000021  c_w.l(libinit2.o)
    0x080002ee   0x00000000   Code   RO         1075    .ARM.Collect$$libinit$$00000023  c_w.l(libinit2.o)
    0x080002ee   0x00000000   Code   RO         1077    .ARM.Collect$$libinit$$00000025  c_w.l(libinit2.o)
    0x080002ee   0x00000000   Code   RO         1081    .ARM.Collect$$libinit$$0000002C  c_w.l(libinit2.o)
    0x080002ee   0x00000000   Code   RO         1083    .ARM.Collect$$libinit$$0000002E  c_w.l(libinit2.o)
    0x080002ee   0x00000000   Code   RO         1085    .ARM.Collect$$libinit$$00000030  c_w.l(libinit2.o)
    0x080002ee   0x00000000   Code   RO         1087    .ARM.Collect$$libinit$$00000032  c_w.l(libinit2.o)
    0x080002ee   0x00000002   Code   RO         1088    .ARM.Collect$$libinit$$00000033  c_w.l(libinit2.o)
    0x080002f0   0x00000002   Code   RO         1108    .ARM.Collect$$libshutdown$$00000000  c_w.l(libshutdown.o)
    0x080002f2   0x00000000   Code   RO         1119    .ARM.Collect$$libshutdown$$00000003  c_w.l(libshutdown2.o)
    0x080002f2   0x00000000   Code   RO         1122    .ARM.Collect$$libshutdown$$00000006  c_w.l(libshutdown2.o)
    0x080002f2   0x00000000   Code   RO         1125    .ARM.Collect$$libshutdown$$00000009  c_w.l(libshutdown2.o)
    0x080002f2   0x00000000   Code   RO         1127    .ARM.Collect$$libshutdown$$0000000B  c_w.l(libshutdown2.o)
    0x080002f2   0x00000000   Code   RO         1130    .ARM.Collect$$libshutdown$$0000000E  c_w.l(libshutdown2.o)
    0x080002f2   0x00000002   Code   RO         1131    .ARM.Collect$$libshutdown$$0000000F  c_w.l(libshutdown2.o)
    0x080002f4   0x00000000   Code   RO          818    .ARM.Collect$$rtentry$$00000000  c_w.l(__rtentry.o)
    0x080002f4   0x00000000   Code   RO          944    .ARM.Collect$$rtentry$$00000002  c_w.l(__rtentry2.o)
    0x080002f4   0x00000006   Code   RO          956    .ARM.Collect$$rtentry$$00000004  c_w.l(__rtentry4.o)
    0x080002fa   0x00000000   Code   RO          946    .ARM.Collect$$rtentry$$00000009  c_w.l(__rtentry2.o)
    0x080002fa   0x00000004   Code   RO          947    .ARM.Collect$$rtentry$$0000000A  c_w.l(__rtentry2.o)
    0x080002fe   0x00000000   Code   RO          949    .ARM.Collect$$rtentry$$0000000C  c_w.l(__rtentry2.o)
    0x080002fe   0x00000008   Code   RO          950    .ARM.Collect$$rtentry$$0000000D  c_w.l(__rtentry2.o)
    0x08000306   0x00000002   Code   RO         1037    .ARM.Collect$$rtexit$$00000000  c_w.l(rtexit.o)
    0x08000308   0x00000000   Code   RO         1092    .ARM.Collect$$rtexit$$00000002  c_w.l(rtexit2.o)
    0x08000308   0x00000004   Code   RO         1093    .ARM.Collect$$rtexit$$00000003  c_w.l(rtexit2.o)
    0x0800030c   0x00000006   Code   RO         1094    .ARM.Collect$$rtexit$$00000004  c_w.l(rtexit2.o)
    0x08000312   0x00000002   PAD
    0x08000314   0x00000214   Code   RO            3    .text               main.o
    0x08000528   0x0000001a   Code   RO          182    .text               stm32f4xx_it.o
    0x08000542   0x00000002   PAD
    0x08000544   0x00000210   Code   RO          231    .text               system_stm32f4xx.o
    0x08000754   0x00000a28   Code   RO          257    .text               pid.o
    0x0800117c   0x000002a4   Code   RO          282    .text               usart3.o
    0x08001420   0x00000160   Code   RO          320    .text               timer.o
    0x08001580   0x00000294   Code   RO          361    .text               rs485.o
    0x08001814   0x000002e4   Code   RO          388    .text               uart4.o
    0x08001af8   0x000001ac   Code   RO          435    .text               pwm.o
    0x08001ca4   0x000000f0   Code   RO          453    .text               route.o
    0x08001d94   0x000001d0   Code   RO          471    .text               usart6.o
    0x08001f64   0x000006bc   Code   RO          506    .text               usart.o
    0x08002620   0x00000104   Code   RO          538    .text               delay.o
    0x08002724   0x00000040   Code   RO          579    .text               startup_stm32f40_41xxx.o
    0x08002764   0x000000e0   Code   RO          585    .text               misc.o
    0x08002844   0x00000294   Code   RO          605    .text               stm32f4xx_gpio.o
    0x08002ad8   0x00000454   Code   RO          625    .text               stm32f4xx_usart.o
    0x08002f2c   0x00000ca2   Code   RO          645    .text               stm32f4xx_tim.o
    0x08003bce   0x00000002   PAD
    0x08003bd0   0x0000065c   Code   RO          685    .text               stm32f4xx_rcc.o
    0x0800422c   0x00000002   Code   RO          730    .text               c_w.l(use_no_semi_2.o)
    0x0800422e   0x00000002   PAD
    0x08004230   0x00000024   Code   RO          732    .text               c_w.l(c89vsprintf.o)
    0x08004254   0x00000018   Code   RO          734    .text               c_w.l(__2printf.o)
    0x0800426c   0x00000052   Code   RO          740    .text               c_w.l(_printf_str.o)
    0x080042be   0x00000002   PAD
    0x080042c0   0x00000188   Code   RO          759    .text               c_w.l(__printf_flags_ss_wp.o)
    0x08004448   0x0000003e   Code   RO          764    .text               c_w.l(strlen.o)
    0x08004486   0x00000006   Code   RO          766    .text               c_w.l(heapauxi.o)
    0x0800448c   0x00000002   Code   RO          816    .text               c_w.l(use_no_semi.o)
    0x0800448e   0x00000016   Code   RO          819    .text               c_w.l(_rserrno.o)
    0x080044a4   0x0000004e   Code   RO          821    .text               c_w.l(_printf_pad.o)
    0x080044f2   0x00000024   Code   RO          823    .text               c_w.l(_printf_truncate.o)
    0x08004516   0x00000002   PAD
    0x08004518   0x00000078   Code   RO          825    .text               c_w.l(_printf_dec.o)
    0x08004590   0x00000028   Code   RO          827    .text               c_w.l(_printf_charcount.o)
    0x080045b8   0x00000030   Code   RO          829    .text               c_w.l(_printf_char_common.o)
    0x080045e8   0x0000000a   Code   RO          831    .text               c_w.l(_sputc.o)
    0x080045f2   0x0000002c   Code   RO          833    .text               c_w.l(_printf_char.o)
    0x0800461e   0x00000002   PAD
    0x08004620   0x00000024   Code   RO          835    .text               c_w.l(_printf_char_file.o)
    0x08004644   0x000000bc   Code   RO          837    .text               c_w.l(_printf_wctomb.o)
    0x08004700   0x0000007c   Code   RO          840    .text               c_w.l(_printf_longlong_dec.o)
    0x0800477c   0x00000070   Code   RO          846    .text               c_w.l(_printf_oct_int_ll.o)
    0x080047ec   0x00000094   Code   RO          866    .text               c_w.l(_printf_hex_int_ll_ptr.o)
    0x08004880   0x00000008   Code   RO          961    .text               c_w.l(rt_errno_addr_intlibspace.o)
    0x08004888   0x0000008a   Code   RO          963    .text               c_w.l(lludiv10.o)
    0x08004912   0x000000b2   Code   RO          965    .text               c_w.l(_printf_intcommon.o)
    0x080049c4   0x0000041a   Code   RO          967    .text               c_w.l(_printf_fp_dec.o)
    0x08004dde   0x0000002c   Code   RO          971    .text               c_w.l(_printf_wchar.o)
    0x08004e0a   0x00000008   Code   RO          973    .text               c_w.l(ferror.o)
    0x08004e12   0x00000040   Code   RO          977    .text               c_w.l(_wcrtomb.o)
    0x08004e52   0x00000002   PAD
    0x08004e54   0x00000008   Code   RO          983    .text               c_w.l(libspace.o)
    0x08004e5c   0x0000004a   Code   RO          986    .text               c_w.l(sys_stackheap_outer.o)
    0x08004ea6   0x00000002   PAD
    0x08004ea8   0x00000010   Code   RO          988    .text               c_w.l(rt_ctype_table.o)
    0x08004eb8   0x00000008   Code   RO          993    .text               c_w.l(rt_locale_intlibspace.o)
    0x08004ec0   0x00000080   Code   RO          995    .text               c_w.l(_printf_fp_infnan.o)
    0x08004f40   0x000000dc   Code   RO          997    .text               c_w.l(bigflt0.o)
    0x0800501c   0x0000000c   Code   RO         1025    .text               c_w.l(exit.o)
    0x08005028   0x00000080   Code   RO         1042    .text               c_w.l(strcmpv7m.o)
    0x080050a8   0x0000003e   Code   RO         1000    CL$$btod_d2e        c_w.l(btod.o)
    0x080050e6   0x00000046   Code   RO         1002    CL$$btod_d2e_denorm_low  c_w.l(btod.o)
    0x0800512c   0x00000060   Code   RO         1001    CL$$btod_d2e_norm_op1  c_w.l(btod.o)
    0x0800518c   0x00000338   Code   RO         1010    CL$$btod_div_common  c_w.l(btod.o)
    0x080054c4   0x000000c6   Code   RO         1007    CL$$btod_e2e        c_w.l(btod.o)
    0x0800558a   0x00000028   Code   RO         1004    CL$$btod_ediv       c_w.l(btod.o)
    0x080055b2   0x00000028   Code   RO         1003    CL$$btod_emul       c_w.l(btod.o)
    0x080055da   0x00000244   Code   RO         1009    CL$$btod_mult_common  c_w.l(btod.o)
    0x0800581e   0x00000030   Code   RO          926    i.__ARM_fpclassify  m_wm.l(fpclassify.o)
    0x0800584e   0x00000014   Code   RO          796    i.__hardfp_fabs     m_wm.l(fabs.o)
    0x08005862   0x00000006   PAD
    0x08005868   0x00000c38   Code   RO          802    i.__hardfp_pow      m_wm.l(pow.o)
    0x080064a0   0x000000f8   Code   RO          928    i.__kernel_poly     m_wm.l(poly.o)
    0x08006598   0x00000030   Code   RO          912    i.__mathlib_dbl_divzero  m_wm.l(dunder.o)
    0x080065c8   0x00000014   Code   RO          914    i.__mathlib_dbl_infnan2  m_wm.l(dunder.o)
    0x080065dc   0x00000004   PAD
    0x080065e0   0x00000020   Code   RO          915    i.__mathlib_dbl_invalid  m_wm.l(dunder.o)
    0x08006600   0x00000020   Code   RO          916    i.__mathlib_dbl_overflow  m_wm.l(dunder.o)
    0x08006620   0x00000020   Code   RO          918    i.__mathlib_dbl_underflow  m_wm.l(dunder.o)
    0x08006640   0x0000000e   Code   RO          752    i._is_digit         c_w.l(__printf_wp.o)
    0x0800664e   0x00000018   Code   RO          798    i.fabs              m_wm.l(fabs.o)
    0x08006666   0x0000006e   Code   RO          933    i.sqrt              m_wm.l(sqrt.o)
    0x080066d4   0x0000002c   Code   RO         1023    locale$$code        c_w.l(lc_numeric_c.o)
    0x08006700   0x0000002c   Code   RO         1040    locale$$code        c_w.l(lc_ctype_c.o)
    0x0800672c   0x00000018   Code   RO          891    x$fpl$basic         fz_wm.l(basic.o)
    0x08006744   0x00000062   Code   RO          770    x$fpl$d2f           fz_wm.l(d2f.o)
    0x080067a6   0x00000002   PAD
    0x080067a8   0x00000150   Code   RO          772    x$fpl$dadd          fz_wm.l(daddsub_clz.o)
    0x080068f8   0x00000010   Code   RO          979    x$fpl$dcheck1       fz_wm.l(dcheck1.o)
    0x08006908   0x00000018   Code   RO          893    x$fpl$dcmpinf       fz_wm.l(dcmpi.o)
    0x08006920   0x000002b0   Code   RO          896    x$fpl$ddiv          fz_wm.l(ddiv.o)
    0x08006bd0   0x0000005e   Code   RO          778    x$fpl$dfix          fz_wm.l(dfix.o)
    0x08006c2e   0x0000002e   Code   RO          783    x$fpl$dflt          fz_wm.l(dflt_clz.o)
    0x08006c5c   0x00000078   Code   RO          788    x$fpl$dleqf         fz_wm.l(dleqf.o)
    0x08006cd4   0x00000154   Code   RO          790    x$fpl$dmul          fz_wm.l(dmul.o)
    0x08006e28   0x0000009c   Code   RO          899    x$fpl$dnaninf       fz_wm.l(dnaninf.o)
    0x08006ec4   0x0000000c   Code   RO          901    x$fpl$dretinf       fz_wm.l(dretinf.o)
    0x08006ed0   0x0000006c   Code   RO          792    x$fpl$drleqf        fz_wm.l(drleqf.o)
    0x08006f3c   0x00000016   Code   RO          773    x$fpl$drsb          fz_wm.l(daddsub_clz.o)
    0x08006f52   0x00000002   PAD
    0x08006f54   0x00000198   Code   RO          981    x$fpl$dsqrt         fz_wm.l(dsqrt_umaal.o)
    0x080070ec   0x000001d4   Code   RO          774    x$fpl$dsub          fz_wm.l(daddsub_clz.o)
    0x080072c0   0x00000056   Code   RO          794    x$fpl$f2d           fz_wm.l(f2d.o)
    0x08007316   0x0000008c   Code   RO          903    x$fpl$fnaninf       fz_wm.l(fnaninf.o)
    0x080073a2   0x0000000a   Code   RO         1100    x$fpl$fpinit        fz_wm.l(fpinit.o)
    0x080073ac   0x0000000a   Code   RO          905    x$fpl$fretinf       fz_wm.l(fretinf.o)
    0x080073b6   0x00000004   Code   RO          907    x$fpl$printf1       fz_wm.l(printf1.o)
    0x080073ba   0x00000064   Code   RO         1035    x$fpl$retnan        fz_wm.l(retnan.o)
    0x0800741e   0x0000005c   Code   RO          909    x$fpl$scalbn        fz_wm.l(scalbn.o)
    0x0800747a   0x00000030   Code   RO         1089    x$fpl$trapveneer    fz_wm.l(trapv.o)
    0x080074aa   0x00000000   Code   RO          911    x$fpl$usenofp       fz_wm.l(usenofp.o)
    0x080074aa   0x00000011   Data   RO          760    .constdata          c_w.l(__printf_flags_ss_wp.o)
    0x080074bb   0x00000005   PAD
    0x080074c0   0x00000088   Data   RO          805    .constdata          m_wm.l(pow.o)
    0x08007548   0x00000008   Data   RO          838    .constdata          c_w.l(_printf_wctomb.o)
    0x08007550   0x00000028   Data   RO          867    .constdata          c_w.l(_printf_hex_int_ll_ptr.o)
    0x08007578   0x00000008   Data   RO          930    .constdata          m_wm.l(qnan.o)
    0x08007580   0x00000094   Data   RO          998    .constdata          c_w.l(bigflt0.o)
    0x08007614   0x00000020   Data   RO         1163    Region$$Table       anon$$obj.o
    0x08007634   0x0000001c   Data   RO         1022    locale$$data        c_w.l(lc_numeric_c.o)
    0x08007650   0x00000110   Data   RO         1039    locale$$data        c_w.l(lc_ctype_c.o)


    Execution Region RW_IRAM1 (Base: 0x20000000, Size: 0x000011b8, Max: 0x00020000, ABSOLUTE, COMPRESSED[0x000000c8])

    Base Addr    Size         Type   Attr      Idx    E Section Name        Object

    0x20000000   0x00000068   Data   RW            4    .data               main.o
    0x20000068   0x00000014   Data   RW          232    .data               system_stm32f4xx.o
    0x2000007c   0x00000088   Data   RW          259    .data               pid.o
    0x20000104   0x00000003   Data   RW          284    .data               usart3.o
    0x20000107   0x00000001   Data   RW          363    .data               rs485.o
    0x20000108   0x00000003   Data   RW          390    .data               uart4.o
    0x2000010b   0x00000001   PAD
    0x2000010c   0x00000100   Data   RW          455    .data               route.o
    0x2000020c   0x0000000b   Data   RW          473    .data               usart6.o
    0x20000217   0x00000001   PAD
    0x20000218   0x00000016   Data   RW          508    .data               usart.o
    0x2000022e   0x00000004   Data   RW          539    .data               delay.o
    0x20000232   0x00000010   Data   RW          686    .data               stm32f4xx_rcc.o
    0x20000242   0x00000002   PAD
    0x20000244   0x00000024   Zero   RW          258    .bss                pid.o
    0x20000268   0x00000320   Zero   RW          283    .bss                usart3.o
    0x20000588   0x00000040   Zero   RW          362    .bss                rs485.o
    0x200005c8   0x00000320   Zero   RW          389    .bss                uart4.o
    0x200008e8   0x00000014   Zero   RW          454    .bss                route.o
    0x200008fc   0x00000190   Zero   RW          472    .bss                usart6.o
    0x20000a8c   0x000000c8   Zero   RW          507    .bss                usart.o
    0x20000b54   0x00000060   Zero   RW          984    .bss                c_w.l(libspace.o)
    0x20000bb4   0x00000004   PAD
    0x20000bb8   0x00000200   Zero   RW          577    HEAP                startup_stm32f40_41xxx.o
    0x20000db8   0x00000400   Zero   RW          576    STACK               startup_stm32f40_41xxx.o


==============================================================================

Image component sizes


      Code (inc. data)   RO Data    RW Data    ZI Data      Debug   Object Name

       260          8          0          4          0       1537   delay.o
       532        100          0        104          0     285791   main.o
       224         20          0          0          0       1917   misc.o
      2600        294          0        136         36       5787   pid.o
       428         18          0          0          0       1433   pwm.o
       240         22          0        256         20       2563   route.o
       660         68          0          1         64       3192   rs485.o
        64         26        392          0       1536        864   startup_stm32f40_41xxx.o
       660         44          0          0          0       4193   stm32f4xx_gpio.o
        26          0          0          0          0       1270   stm32f4xx_it.o
      1628         52          0         16          0      13032   stm32f4xx_rcc.o
      3234         60          0          0          0      22396   stm32f4xx_tim.o
      1108         34          0          0          0       7892   stm32f4xx_usart.o
       528         46          0         20          0       1927   system_stm32f4xx.o
       352         28          0          0          0       1558   timer.o
       740        280          0          3        800       2233   uart4.o
      1724        116          0         22        200       4818   usart.o
       676         74          0          3        800       3090   usart3.o
       464         28          0         11        400       4593   usart6.o

    ----------------------------------------------------------------------
     16152       1318        424        580       3856     370086   Object Totals
         0          0         32          0          0          0   (incl. Generated)
         4          0          0          4          0          0   (incl. Padding)

    ----------------------------------------------------------------------

      Code (inc. data)   RO Data    RW Data    ZI Data      Debug   Library Member Name

        24          4          0          0          0         84   __2printf.o
        90          0          0          0          0          0   __dczerorl2.o
         8          0          0          0          0         68   __main.o
       392          4         17          0          0         92   __printf_flags_ss_wp.o
        14          0          0          0          0         68   __printf_wp.o
         0          0          0          0          0          0   __rtentry.o
        12          0          0          0          0          0   __rtentry2.o
         6          0          0          0          0          0   __rtentry4.o
        52          8          0          0          0          0   __scatter.o
        28          0          0          0          0          0   __scatter_zi.o
         6          0          0          0          0          0   _printf_a.o
         6          0          0          0          0          0   _printf_c.o
        44          0          0          0          0        108   _printf_char.o
        48          6          0          0          0         96   _printf_char_common.o
        36          4          0          0          0         80   _printf_char_file.o
        40          0          0          0          0         68   _printf_charcount.o
         6          0          0          0          0          0   _printf_d.o
       120         16          0          0          0         92   _printf_dec.o
         6          0          0          0          0          0   _printf_e.o
         6          0          0          0          0          0   _printf_f.o
      1050          0          0          0          0        216   _printf_fp_dec.o
       128         16          0          0          0         84   _printf_fp_infnan.o
         6          0          0          0          0          0   _printf_g.o
       148          4         40          0          0        160   _printf_hex_int_ll_ptr.o
         6          0          0          0          0          0   _printf_i.o
       178          0          0          0          0         88   _printf_intcommon.o
        10          0          0          0          0          0   _printf_l.o
         6          0          0          0          0          0   _printf_lc.o
        10          0          0          0          0          0   _printf_ll.o
         6          0          0          0          0          0   _printf_lld.o
         6          0          0          0          0          0   _printf_lli.o
         6          0          0          0          0          0   _printf_llo.o
         6          0          0          0          0          0   _printf_llu.o
         6          0          0          0          0          0   _printf_llx.o
       124         16          0          0          0         92   _printf_longlong_dec.o
         6          0          0          0          0          0   _printf_ls.o
         6          0          0          0          0          0   _printf_n.o
         6          0          0          0          0          0   _printf_o.o
       112          8          0          0          0        124   _printf_oct_int_ll.o
         6          0          0          0          0          0   _printf_p.o
        78          0          0          0          0        108   _printf_pad.o
         0          0          0          0          0          0   _printf_percent.o
         4          0          0          0          0          0   _printf_percent_end.o
         6          0          0          0          0          0   _printf_s.o
        82          0          0          0          0         80   _printf_str.o
        36          0          0          0          0         84   _printf_truncate.o
         6          0          0          0          0          0   _printf_u.o
        44          0          0          0          0        108   _printf_wchar.o
       188          6          8          0          0         92   _printf_wctomb.o
         6          0          0          0          0          0   _printf_x.o
        22          0          0          0          0        100   _rserrno.o
        10          0          0          0          0         68   _sputc.o
        64          0          0          0          0         92   _wcrtomb.o
       220          4        148          0          0         96   bigflt0.o
      1910        128          0          0          0        672   btod.o
        36          4          0          0          0         76   c89vsprintf.o
        12          0          0          0          0         72   exit.o
         8          0          0          0          0         68   ferror.o
         6          0          0          0          0        152   heapauxi.o
        44         10        272          0          0         76   lc_ctype_c.o
        44         10         28          0          0         76   lc_numeric_c.o
         2          0          0          0          0          0   libinit.o
        34          0          0          0          0          0   libinit2.o
         2          0          0          0          0          0   libshutdown.o
         2          0          0          0          0          0   libshutdown2.o
         8          4          0          0         96         68   libspace.o
       138          0          0          0          0         80   lludiv10.o
        16          4          0          0          0         76   rt_ctype_table.o
         8          4          0          0          0         68   rt_errno_addr_intlibspace.o
         8          4          0          0          0         68   rt_locale_intlibspace.o
         2          0          0          0          0          0   rtexit.o
        10          0          0          0          0          0   rtexit2.o
       128          0          0          0          0         68   strcmpv7m.o
        62          0          0          0          0         76   strlen.o
        74          0          0          0          0         80   sys_stackheap_outer.o
         2          0          0          0          0         68   use_no_semi.o
         2          0          0          0          0         68   use_no_semi_2.o
        24          0          0          0          0        164   basic.o
        98          4          0          0          0        140   d2f.o
       826         16          0          0          0        492   daddsub_clz.o
        16          4          0          0          0        116   dcheck1.o
        24          0          0          0          0        116   dcmpi.o
       688        140          0          0          0        256   ddiv.o
        94          4          0          0          0        140   dfix.o
        46          0          0          0          0        116   dflt_clz.o
       120          4          0          0          0        140   dleqf.o
       340         12          0          0          0        152   dmul.o
       156          4          0          0          0        140   dnaninf.o
        12          0          0          0          0        116   dretinf.o
       108          0          0          0          0        128   drleqf.o
       408         56          0          0          0        168   dsqrt_umaal.o
        86          4          0          0          0        132   f2d.o
       140          4          0          0          0        132   fnaninf.o
        10          0          0          0          0        116   fpinit.o
        10          0          0          0          0        116   fretinf.o
         4          0          0          0          0        116   printf1.o
       100          0          0          0          0        116   retnan.o
        92          0          0          0          0        116   scalbn.o
        48          0          0          0          0        116   trapv.o
         0          0          0          0          0          0   usenofp.o
       164         44          0          0          0        620   dunder.o
        44          0          0          0          0        248   fabs.o
        48          0          0          0          0        124   fpclassify.o
       248          0          0          0          0        152   poly.o
      3128        302        136          0          0        356   pow.o
         0          0          8          0          0          0   qnan.o
       110          0          0          0          0        148   sqrt.o

    ----------------------------------------------------------------------
     13322        862        662          0        100       9252   Library Totals
        30          0          5          0          4          0   (incl. Padding)

    ----------------------------------------------------------------------

      Code (inc. data)   RO Data    RW Data    ZI Data      Debug   Library Name

      6100        264        513          0         96       4260   c_w.l
      3450        252          0          0          0       3344   fz_wm.l
      3742        346        144          0          0       1648   m_wm.l

    ----------------------------------------------------------------------
     13322        862        662          0        100       9252   Library Totals

    ----------------------------------------------------------------------

==============================================================================


      Code (inc. data)   RO Data    RW Data    ZI Data      Debug   

     29474       2180       1086        580       3956     370098   Grand Totals
     29474       2180       1086        200       3956     370098   ELF Image Totals (compressed)
     29474       2180       1086        200          0          0   ROM Totals

==============================================================================

    Total RO  Size (Code + RO Data)                30560 (  29.84kB)
    Total RW  Size (RW Data + ZI Data)              4536 (   4.43kB)
    Total ROM Size (Code + RO Data + RW Data)      30760 (  30.04kB)

==============================================================================

